AR register_32 behavioral F:/LAB1_ORGANWSH/Register_File_RF/Register_32.vhd sub00/vhpl01 1520273316
EN register_32 NULL F:/LAB1_ORGANWSH/Register_File_RF/Register_32.vhd sub00/vhpl00 1520273315
AR compare_module behavioral F:/LAB1_ORGANWSH/Register_File_RF/Compare_Module.vhd sub00/vhpl09 1520273318
AR decoder_5_to_32 behavioral F:/LAB1_ORGANWSH/Register_File_RF/Decoder_5_to_32.vhd sub00/vhpl03 1520273314
EN compare_module NULL F:/LAB1_ORGANWSH/Register_File_RF/Compare_Module.vhd sub00/vhpl08 1520273317
EN mux_32_to_1 NULL F:/LAB1_ORGANWSH/Register_File_RF/MUX_32_to_1.vhd sub00/vhpl04 1520273319
EN alu_outputs NULL C:/Users/user00000/Desktop/LAB1_ORGANWSH/Register_File_RF/ALU_Outputs.vhd sub00/vhpl16 1520365070
AR register_file_rf behavioral F:/LAB1_ORGANWSH/Register_File_RF/Register_File_RF.vhd sub00/vhpl11 1520273324
EN register_file_rf NULL F:/LAB1_ORGANWSH/Register_File_RF/Register_File_RF.vhd sub00/vhpl10 1520273323
AR mux_2_to_1 behavioral F:/LAB1_ORGANWSH/Register_File_RF/MUX_2_to_1.vhd sub00/vhpl07 1520273322
AR mux_32_to_1 behavioral F:/LAB1_ORGANWSH/Register_File_RF/MUX_32_to_1.vhd sub00/vhpl05 1520273320
AR alu_outputs behavioral C:/Users/user00000/Desktop/LAB1_ORGANWSH/Register_File_RF/ALU_Outputs.vhd sub00/vhpl17 1520365071
EN mux_2_to_1 NULL F:/LAB1_ORGANWSH/Register_File_RF/MUX_2_to_1.vhd sub00/vhpl06 1520273321
EN decoder_5_to_32 NULL F:/LAB1_ORGANWSH/Register_File_RF/Decoder_5_to_32.vhd sub00/vhpl02 1520273313
AR alu behavioral C:/Users/Lenovo/Desktop/zou/lab1/Register_File_RF/ALU.vhd sub00/vhpl13 1520271585
EN alu_operation NULL C:/Users/Lenovo/Desktop/zou/lab1/Register_File_RF/ALU_operation.vhd sub00/vhpl14 1520271580
EN alu NULL C:/Users/Lenovo/Desktop/zou/lab1/Register_File_RF/ALU.vhd sub00/vhpl12 1520271584
AR alu_operation behavioral C:/Users/Lenovo/Desktop/zou/lab1/Register_File_RF/ALU_operation.vhd sub00/vhpl15 1520271581
