V3 41
FL C:/Users/Lenovo/Desktop/lab1/Register_File_RF/Compare_Module.vhd 2018/02/28.20:04:01 O.87xd
FL C:/Users/Lenovo/Desktop/lab1/Register_File_RF/Decoder_5_to_32.vhd 2018/02/28.19:07:12 O.87xd
FL C:/Users/Lenovo/Desktop/lab1/Register_File_RF/MUX_2_to_1.vhd 2018/02/28.19:52:10 O.87xd
FL C:/Users/Lenovo/Desktop/lab1/Register_File_RF/MUX_32_to_1.vhd 2018/02/28.19:35:06 O.87xd
FL C:/Users/Lenovo/Desktop/lab1/Register_File_RF/Register_32.vhd 2018/03/03.14:24:38 O.87xd
FL C:/Users/Lenovo/Desktop/lab1/Register_File_RF/Register_File_RF.vhd 2018/03/03.14:47:01 O.87xd
FL C:/Users/Lenovo/Desktop/zou/lab1/Register_File_RF/ALU.vhd 2018/03/05.19:39:35 O.87xd
EN work/ALU 1520271584 \
      FL C:/Users/Lenovo/Desktop/zou/lab1/Register_File_RF/ALU.vhd \
      PB ieee/std_logic_1164 1325952872
AR work/ALU/Behavioral 1520271585 \
      FL C:/Users/Lenovo/Desktop/zou/lab1/Register_File_RF/ALU.vhd EN work/ALU 1520271584 \
      CP ALU_operation CP ALU_Outputs
FL C:/Users/Lenovo/Desktop/zou/lab1/Register_File_RF/ALU_operation.vhd 2018/03/05.17:45:09 O.87xd
EN work/ALU_operation 1520271580 \
      FL C:/Users/Lenovo/Desktop/zou/lab1/Register_File_RF/ALU_operation.vhd \
      PB ieee/std_logic_1164 1325952872 PB ieee/NUMERIC_STD 1325952877 \
      PB ieee/STD_LOGIC_UNSIGNED 1325952875
AR work/ALU_operation/Behavioral 1520271581 \
      FL C:/Users/Lenovo/Desktop/zou/lab1/Register_File_RF/ALU_operation.vhd \
      EN work/ALU_operation 1520271580
FL C:/Users/Lenovo/Desktop/zou/lab1/Register_File_RF/ALU_Outputs.vhd 2018/03/05.19:26:26 O.87xd
FL C:/Users/user00000/Desktop/LAB1_ORGANWSH/Register_File_RF/ALU_Outputs.vhd 2018/03/06.21:37:40 O.87xd
EN work/ALU_Outputs 1520365070 \
      FL C:/Users/user00000/Desktop/LAB1_ORGANWSH/Register_File_RF/ALU_Outputs.vhd \
      PB ieee/std_logic_1164 1325952872 PB ieee/NUMERIC_STD 1325952877 \
      PB ieee/STD_LOGIC_UNSIGNED 1325952875
AR work/ALU_Outputs/Behavioral 1520365071 \
      FL C:/Users/user00000/Desktop/LAB1_ORGANWSH/Register_File_RF/ALU_Outputs.vhd \
      EN work/ALU_Outputs 1520365070
FL F:/LAB1_ORGANWSH/Register_File_RF/Compare_Module.vhd 2018/03/05.16:50:28 O.87xd
EN work/Compare_Module 1520273317 \
      FL F:/LAB1_ORGANWSH/Register_File_RF/Compare_Module.vhd \
      PB ieee/std_logic_1164 1325952872
AR work/Compare_Module/Behavioral 1520273318 \
      FL F:/LAB1_ORGANWSH/Register_File_RF/Compare_Module.vhd \
      EN work/Compare_Module 1520273317
FL F:/LAB1_ORGANWSH/Register_File_RF/Decoder_5_to_32.vhd 2018/02/28.19:07:14 O.87xd
EN work/Decoder_5_to_32 1520273313 \
      FL F:/LAB1_ORGANWSH/Register_File_RF/Decoder_5_to_32.vhd \
      PB ieee/std_logic_1164 1325952872
AR work/Decoder_5_to_32/Behavioral 1520273314 \
      FL F:/LAB1_ORGANWSH/Register_File_RF/Decoder_5_to_32.vhd \
      EN work/Decoder_5_to_32 1520273313
FL F:/LAB1_ORGANWSH/Register_File_RF/MUX_2_to_1.vhd 2018/02/28.19:52:12 O.87xd
EN work/MUX_2_to_1 1520273321 FL F:/LAB1_ORGANWSH/Register_File_RF/MUX_2_to_1.vhd \
      PB ieee/std_logic_1164 1325952872
AR work/MUX_2_to_1/Behavioral 1520273322 \
      FL F:/LAB1_ORGANWSH/Register_File_RF/MUX_2_to_1.vhd EN work/MUX_2_to_1 1520273321
FL F:/LAB1_ORGANWSH/Register_File_RF/MUX_32_to_1.vhd 2018/02/28.19:35:08 O.87xd
EN work/MUX_32_to_1 1520273319 \
      FL F:/LAB1_ORGANWSH/Register_File_RF/MUX_32_to_1.vhd PB ieee/std_logic_1164 1325952872
AR work/MUX_32_to_1/Behavioral 1520273320 \
      FL F:/LAB1_ORGANWSH/Register_File_RF/MUX_32_to_1.vhd EN work/MUX_32_to_1 1520273319
FL F:/LAB1_ORGANWSH/Register_File_RF/Register_32.vhd 2018/03/03.14:24:40 O.87xd
EN work/Register_32 1520273315 \
      FL F:/LAB1_ORGANWSH/Register_File_RF/Register_32.vhd PB ieee/std_logic_1164 1325952872
AR work/Register_32/Behavioral 1520273316 \
      FL F:/LAB1_ORGANWSH/Register_File_RF/Register_32.vhd EN work/Register_32 1520273315
FL F:/LAB1_ORGANWSH/Register_File_RF/Register_File_RF.vhd 2018/03/05.20:08:16 O.87xd
EN work/Register_File_RF 1520273323 \
      FL F:/LAB1_ORGANWSH/Register_File_RF/Register_File_RF.vhd \
      PB ieee/std_logic_1164 1325952872 PB ieee/NUMERIC_STD 1325952877
AR work/Register_File_RF/Behavioral 1520273324 \
      FL F:/LAB1_ORGANWSH/Register_File_RF/Register_File_RF.vhd \
      EN work/Register_File_RF 1520273323 CP Decoder_5_to_32 CP Register_32 \
      CP Compare_Module CP MUX_32_to_1 CP MUX_2_to_1
