AR register_32 behavioral C:/Users/Lenovo/Desktop/LAB3/Register_File_RF/Register_32.vhd sub00/vhpl01 1522170302
EN register_32 NULL C:/Users/Lenovo/Desktop/LAB3/Register_File_RF/Register_32.vhd sub00/vhpl00 1522170301
AR compare_module behavioral C:/Users/Lenovo/Desktop/LAB3/Register_File_RF/Compare_Module.vhd sub00/vhpl09 1522170304
EN mux_reg_file NULL C:/Users/Lenovo/Desktop/LAB3/Register_File_RF/MUX_reg_file.vhd sub00/vhpl34 1522170317
AR memif behavioral C:/Users/Lenovo/Desktop/LAB2/Register_File_RF/MEMIF.vhd sub00/vhpl45 1520873896
AR processor behavioral C:/Users/Lenovo/Desktop/LAB3/Register_File_RF/processor.vhd sub00/vhpl51 1522170346
AR incrementorimmed behavioral C:/Users/Lenovo/Desktop/LAB3/Register_File_RF/incrementorImmed.vhd sub00/vhpl25 1522170326
EN immed_converter NULL C:/Users/Lenovo/Desktop/LAB3/Register_File_RF/Immed_Converter.vhd sub00/vhpl32 1522170313
EN incrementor NULL C:/Users/Lenovo/Desktop/LAB3/Register_File_RF/Incrementor.vhd sub00/vhpl22 1522170323
EN alustage NULL C:/Users/Lenovo/Desktop/LAB3/Register_File_RF/ALUSTAGE.vhd sub00/vhpl38 1522170335
AR decoder_5_to_32 behavioral C:/Users/Lenovo/Desktop/LAB3/Register_File_RF/Decoder_5_to_32.vhd sub00/vhpl03 1522170300
AR decstage behavioral C:/Users/Lenovo/Desktop/LAB3/Register_File_RF/DECODE.vhd sub00/vhpl31 1522170334
EN compare_module NULL C:/Users/Lenovo/Desktop/LAB3/Register_File_RF/Compare_Module.vhd sub00/vhpl08 1522170303
EN mux_32_to_1 NULL C:/Users/Lenovo/Desktop/LAB3/Register_File_RF/MUX_32_to_1.vhd sub00/vhpl04 1522170305
EN incrementorimmed NULL C:/Users/Lenovo/Desktop/LAB3/Register_File_RF/incrementorImmed.vhd sub00/vhpl24 1522170325
AR immed_converter behavioral C:/Users/Lenovo/Desktop/LAB3/Register_File_RF/Immed_Converter.vhd sub00/vhpl33 1522170314
EN alu_outputs NULL C:/Users/Lenovo/Desktop/LAB3/Register_File_RF/ALU_Outputs.vhd sub00/vhpl16 1522170297
AR mux_rf_instr behavioral C:/Users/Lenovo/Desktop/LAB3/Register_File_RF/MUX_RF_Instr.vhd sub00/vhpl37 1522170316
AR ifstage behavioral C:/Users/Lenovo/Desktop/LAB3/Register_File_RF/IFSTAGE.vhd sub00/vhpl21 1522170330
AR mux2_to_1_proc behavioral C:/Users/Lenovo/Desktop/LAB3/Register_File_RF/mux2_to_1_proc.vhd sub00/vhpl49 1522170342
EN decstage NULL C:/Users/Lenovo/Desktop/LAB3/Register_File_RF/DECODE.vhd sub00/vhpl30 1522170333
AR pc_register behavioral C:/Users/Lenovo/Desktop/LAB3/Register_File_RF/PC_Register.vhd sub00/vhpl29 1522170322
EN memstage NULL C:/Users/Lenovo/Desktop/LAB3/Register_File_RF/MEMSTAGE.vhd sub00/vhpl43 1522170337
AR register_file_rf behavioral C:/Users/Lenovo/Desktop/LAB3/Register_File_RF/Register_File_RF.vhd sub00/vhpl11 1522170320
EN register_file_rf NULL C:/Users/Lenovo/Desktop/LAB3/Register_File_RF/Register_File_RF.vhd sub00/vhpl10 1522170319
AR ram syn C:/Users/Lenovo/Desktop/LAB3/Register_File_RF/RAM.vhd sub00/vhpl19 1522170332
AR mux_2_to_1 behavioral C:/Users/Lenovo/Desktop/LAB3/Register_File_RF/MUX_2_to_1.vhd sub00/vhpl07 1522170308
AR mux_32_to_1 behavioral C:/Users/Lenovo/Desktop/LAB3/Register_File_RF/MUX_32_to_1.vhd sub00/vhpl05 1522170306
EN ifstage NULL C:/Users/Lenovo/Desktop/LAB3/Register_File_RF/IFSTAGE.vhd sub00/vhpl20 1522170329
EN mux2_to_1_proc NULL C:/Users/Lenovo/Desktop/LAB3/Register_File_RF/mux2_to_1_proc.vhd sub00/vhpl48 1522170341
AR mux_pre_alu behavioral C:/Users/Lenovo/Desktop/LAB3/Register_File_RF/MUX_pre_ALU.vhd sub00/vhpl41 1522170310
EN processor NULL C:/Users/Lenovo/Desktop/LAB3/Register_File_RF/processor.vhd sub00/vhpl50 1522170345
AR alu_outputs behavioral C:/Users/Lenovo/Desktop/LAB3/Register_File_RF/ALU_Outputs.vhd sub00/vhpl17 1522170298
EN mux_2_to_1 NULL C:/Users/Lenovo/Desktop/LAB3/Register_File_RF/MUX_2_to_1.vhd sub00/vhpl06 1522170307
AR incrementor behavioral C:/Users/Lenovo/Desktop/LAB3/Register_File_RF/Incrementor.vhd sub00/vhpl23 1522170324
AR alustage behavioral C:/Users/Lenovo/Desktop/LAB3/Register_File_RF/ALUSTAGE.vhd sub00/vhpl39 1522170336
EN mux_rf_instr NULL C:/Users/Lenovo/Desktop/LAB3/Register_File_RF/MUX_RF_Instr.vhd sub00/vhpl36 1522170315
EN mux_pre_alu NULL C:/Users/Lenovo/Desktop/LAB3/Register_File_RF/MUX_pre_ALU.vhd sub00/vhpl40 1522170309
EN decoder_5_to_32 NULL C:/Users/Lenovo/Desktop/LAB3/Register_File_RF/Decoder_5_to_32.vhd sub00/vhpl02 1522170299
EN muxpc NULL C:/Users/Lenovo/Desktop/LAB3/Register_File_RF/muxPC.vhd sub00/vhpl26 1522170327
EN pc_register NULL C:/Users/Lenovo/Desktop/LAB3/Register_File_RF/PC_Register.vhd sub00/vhpl28 1522170321
EN control NULL C:/Users/Lenovo/Desktop/LAB3/Register_File_RF/CONTROL.vhd sub00/vhpl46 1522170343
EN memif NULL C:/Users/Lenovo/Desktop/LAB2/Register_File_RF/MEMIF.vhd sub00/vhpl42 1520873895
AR alu behavioral C:/Users/Lenovo/Desktop/LAB3/Register_File_RF/ALU.vhd sub00/vhpl13 1522170312
EN ram NULL C:/Users/Lenovo/Desktop/LAB3/Register_File_RF/RAM.vhd sub00/vhpl18 1522170331
AR control behavioral C:/Users/Lenovo/Desktop/LAB3/Register_File_RF/CONTROL.vhd sub00/vhpl47 1522170344
AR memstage behavioral C:/Users/Lenovo/Desktop/LAB3/Register_File_RF/MEMSTAGE.vhd sub00/vhpl44 1522170338
AR muxpc behavioral C:/Users/Lenovo/Desktop/LAB3/Register_File_RF/muxPC.vhd sub00/vhpl27 1522170328
EN alu_operation NULL C:/Users/Lenovo/Desktop/LAB3/Register_File_RF/ALU_operation.vhd sub00/vhpl14 1522170295
EN lsb_taker NULL C:/Users/Lenovo/Desktop/LAB3/Register_File_RF/LSB_taker.vhd sub00/vhpl52 1522170339
EN alu NULL C:/Users/Lenovo/Desktop/LAB3/Register_File_RF/ALU.vhd sub00/vhpl12 1522170311
AR mux_reg_file behavioral C:/Users/Lenovo/Desktop/LAB3/Register_File_RF/MUX_reg_file.vhd sub00/vhpl35 1522170318
AR alu_operation behavioral C:/Users/Lenovo/Desktop/LAB3/Register_File_RF/ALU_operation.vhd sub00/vhpl15 1522170296
AR lsb_taker behavioral C:/Users/Lenovo/Desktop/LAB3/Register_File_RF/LSB_taker.vhd sub00/vhpl53 1522170340
