V3 167
FL C:/Users/Lenovo/Desktop/lab1/Register_File_RF/Compare_Module.vhd 2018/02/28.20:04:01 O.87xd
FL C:/Users/Lenovo/Desktop/lab1/Register_File_RF/Decoder_5_to_32.vhd 2018/02/28.19:07:12 O.87xd
FL C:/Users/Lenovo/Desktop/lab1/Register_File_RF/MUX_2_to_1.vhd 2018/02/28.19:52:10 O.87xd
FL C:/Users/Lenovo/Desktop/lab1/Register_File_RF/MUX_32_to_1.vhd 2018/02/28.19:35:06 O.87xd
FL C:/Users/Lenovo/Desktop/lab1/Register_File_RF/Register_32.vhd 2018/03/03.14:24:38 O.87xd
FL C:/Users/Lenovo/Desktop/lab1/Register_File_RF/Register_File_RF.vhd 2018/03/03.14:47:01 O.87xd
FL C:/Users/Lenovo/Desktop/LAB2/Register_File_RF/ALU.vhd 2018/03/05.19:39:35 O.87xd
FL C:/Users/Lenovo/Desktop/LAB2/Register_File_RF/ALUSTAGE.vhd 2018/03/11.16:46:50 O.87xd
FL C:/Users/Lenovo/Desktop/LAB2/Register_File_RF/ALU_operation.vhd 2018/03/05.17:45:09 O.87xd
FL C:/Users/Lenovo/Desktop/LAB2/Register_File_RF/ALU_Outputs.vhd 2018/03/05.19:26:26 O.87xd
FL C:/Users/Lenovo/Desktop/LAB2/Register_File_RF/Compare_Module.vhd 2018/03/05.16:50:26 O.87xd
FL C:/Users/Lenovo/Desktop/LAB2/Register_File_RF/DECODE.vhd 2018/03/09.19:16:22 O.87xd
FL C:/Users/Lenovo/Desktop/LAB2/Register_File_RF/Decoder_5_to_32.vhd 2018/02/28.19:07:12 O.87xd
FL C:/Users/Lenovo/Desktop/LAB2/Register_File_RF/IFSTAGE.vhd 2018/03/12.20:47:26 O.87xd
FL C:/Users/Lenovo/Desktop/LAB2/Register_File_RF/Immed_Converter.vhd 2018/03/09.18:42:11 O.87xd
FL C:/Users/Lenovo/Desktop/LAB2/Register_File_RF/Incrementor.vhd 2018/03/08.18:27:52 O.87xd
FL C:/Users/Lenovo/Desktop/LAB2/Register_File_RF/incrementorImmed.vhd 2018/03/08.18:47:38 O.87xd
FL C:/Users/Lenovo/Desktop/LAB2/Register_File_RF/MEMIF.vhd 2018/03/12.18:58:05 O.87xd
EN work/MEMIF 1520873895 \
      FL C:/Users/Lenovo/Desktop/LAB2/Register_File_RF/MEMIF.vhd \
      PB ieee/std_logic_1164 1325952872 PB ieee/NUMERIC_STD 1325952877 \
      PB ieee/STD_LOGIC_UNSIGNED 1325952875
AR work/MEMIF/Behavioral 1520873896 \
      FL C:/Users/Lenovo/Desktop/LAB2/Register_File_RF/MEMIF.vhd EN work/MEMIF 1520873895
FL C:/Users/Lenovo/Desktop/LAB2/Register_File_RF/MEMSTAGE.vhd 2018/03/12.18:53:04 O.87xd
FL C:/Users/Lenovo/Desktop/LAB2/Register_File_RF/muxPC.vhd 2018/03/12.20:21:16 O.87xd
FL C:/Users/Lenovo/Desktop/LAB2/Register_File_RF/MUX_2_to_1.vhd 2018/02/28.19:52:10 O.87xd
FL C:/Users/Lenovo/Desktop/LAB2/Register_File_RF/MUX_32_to_1.vhd 2018/02/28.19:35:06 O.87xd
FL C:/Users/Lenovo/Desktop/LAB2/Register_File_RF/MUX_pre_ALU.vhd 2018/03/11.16:37:11 O.87xd
FL C:/Users/Lenovo/Desktop/LAB2/Register_File_RF/MUX_reg_file.vhd 2018/03/09.18:54:09 O.87xd
FL C:/Users/Lenovo/Desktop/LAB2/Register_File_RF/MUX_RF_Instr.vhd 2018/03/09.18:59:07 O.87xd
FL C:/Users/Lenovo/Desktop/LAB2/Register_File_RF/PC_Register.vhd 2018/03/12.19:47:54 O.87xd
FL C:/Users/Lenovo/Desktop/LAB2/Register_File_RF/RAM.vhd 2018/03/08.17:54:31 O.87xd
FL C:/Users/Lenovo/Desktop/LAB2/Register_File_RF/Register_32.vhd 2018/03/03.14:24:38 O.87xd
FL C:/Users/Lenovo/Desktop/LAB2/Register_File_RF/Register_File_RF.vhd 2018/03/05.16:52:38 O.87xd
FL C:/Users/Lenovo/Desktop/LAB3/Register_File_RF/ALU.vhd 2018/03/05.20:39:36 O.87xd
EN work/ALU 1522170311 FL C:/Users/Lenovo/Desktop/LAB3/Register_File_RF/ALU.vhd \
      PB ieee/std_logic_1164 1325952872
AR work/ALU/Behavioral 1522170312 \
      FL C:/Users/Lenovo/Desktop/LAB3/Register_File_RF/ALU.vhd EN work/ALU 1522170311 \
      CP ALU_operation CP ALU_Outputs
FL C:/Users/Lenovo/Desktop/LAB3/Register_File_RF/ALUSTAGE.vhd 2018/03/11.17:46:52 O.87xd
EN work/ALUSTAGE 1522170335 \
      FL C:/Users/Lenovo/Desktop/LAB3/Register_File_RF/ALUSTAGE.vhd \
      PB ieee/std_logic_1164 1325952872
AR work/ALUSTAGE/Behavioral 1522170336 \
      FL C:/Users/Lenovo/Desktop/LAB3/Register_File_RF/ALUSTAGE.vhd \
      EN work/ALUSTAGE 1522170335 CP MUX_pre_ALU CP ALU
FL C:/Users/Lenovo/Desktop/LAB3/Register_File_RF/ALU_operation.vhd 2018/03/24.14:45:46 O.87xd
EN work/ALU_operation 1522170295 \
      FL C:/Users/Lenovo/Desktop/LAB3/Register_File_RF/ALU_operation.vhd \
      PB ieee/std_logic_1164 1325952872 PB ieee/NUMERIC_STD 1325952877 \
      PB ieee/STD_LOGIC_UNSIGNED 1325952875
AR work/ALU_operation/Behavioral 1522170296 \
      FL C:/Users/Lenovo/Desktop/LAB3/Register_File_RF/ALU_operation.vhd \
      EN work/ALU_operation 1522170295
FL C:/Users/Lenovo/Desktop/LAB3/Register_File_RF/ALU_Outputs.vhd 2018/03/05.20:26:28 O.87xd
EN work/ALU_Outputs 1522170297 \
      FL C:/Users/Lenovo/Desktop/LAB3/Register_File_RF/ALU_Outputs.vhd \
      PB ieee/std_logic_1164 1325952872 PB ieee/NUMERIC_STD 1325952877 \
      PB ieee/STD_LOGIC_UNSIGNED 1325952875
AR work/ALU_Outputs/Behavioral 1522170298 \
      FL C:/Users/Lenovo/Desktop/LAB3/Register_File_RF/ALU_Outputs.vhd \
      EN work/ALU_Outputs 1522170297
FL C:/Users/Lenovo/Desktop/LAB3/Register_File_RF/Compare_Module.vhd 2018/03/23.22:45:26 O.87xd
EN work/Compare_Module 1522170303 \
      FL C:/Users/Lenovo/Desktop/LAB3/Register_File_RF/Compare_Module.vhd \
      PB ieee/std_logic_1164 1325952872
AR work/Compare_Module/Behavioral 1522170304 \
      FL C:/Users/Lenovo/Desktop/LAB3/Register_File_RF/Compare_Module.vhd \
      EN work/Compare_Module 1522170303
FL C:/Users/Lenovo/Desktop/LAB3/Register_File_RF/CONTROL.vhd 2018/03/23.22:24:01 O.87xd
EN work/CONTROL 1522170343 \
      FL C:/Users/Lenovo/Desktop/LAB3/Register_File_RF/CONTROL.vhd \
      PB ieee/std_logic_1164 1325952872
AR work/CONTROL/Behavioral 1522170344 \
      FL C:/Users/Lenovo/Desktop/LAB3/Register_File_RF/CONTROL.vhd \
      EN work/CONTROL 1522170343
FL C:/Users/Lenovo/Desktop/LAB3/Register_File_RF/DECODE.vhd 2018/03/23.19:26:13 O.87xd
EN work/DECSTAGE 1522170333 \
      FL C:/Users/Lenovo/Desktop/LAB3/Register_File_RF/DECODE.vhd \
      PB ieee/std_logic_1164 1325952872
AR work/DECSTAGE/Behavioral 1522170334 \
      FL C:/Users/Lenovo/Desktop/LAB3/Register_File_RF/DECODE.vhd \
      EN work/DECSTAGE 1522170333 CP Immed_Converter CP MUX_RF_Instr \
      CP MUX_reg_file CP Register_File_RF
FL C:/Users/Lenovo/Desktop/LAB3/Register_File_RF/Decoder_5_to_32.vhd 2018/02/28.20:07:14 O.87xd
EN work/Decoder_5_to_32 1522170299 \
      FL C:/Users/Lenovo/Desktop/LAB3/Register_File_RF/Decoder_5_to_32.vhd \
      PB ieee/std_logic_1164 1325952872
AR work/Decoder_5_to_32/Behavioral 1522170300 \
      FL C:/Users/Lenovo/Desktop/LAB3/Register_File_RF/Decoder_5_to_32.vhd \
      EN work/Decoder_5_to_32 1522170299
FL C:/Users/Lenovo/Desktop/LAB3/Register_File_RF/IFSTAGE.vhd 2018/03/22.18:46:18 O.87xd
EN work/IFSTAGE 1522170329 \
      FL C:/Users/Lenovo/Desktop/LAB3/Register_File_RF/IFSTAGE.vhd \
      PB ieee/std_logic_1164 1325952872 PB ieee/NUMERIC_STD 1325952877
AR work/IFSTAGE/Behavioral 1522170330 \
      FL C:/Users/Lenovo/Desktop/LAB3/Register_File_RF/IFSTAGE.vhd \
      EN work/IFSTAGE 1522170329 CP PC_Register CP Incrementor CP incrementorImmed \
      CP muxPC
FL C:/Users/Lenovo/Desktop/LAB3/Register_File_RF/Immed_Converter.vhd 2018/03/13.22:01:30 O.87xd
EN work/Immed_Converter 1522170313 \
      FL C:/Users/Lenovo/Desktop/LAB3/Register_File_RF/Immed_Converter.vhd \
      PB ieee/std_logic_1164 1325952872
AR work/Immed_Converter/Behavioral 1522170314 \
      FL C:/Users/Lenovo/Desktop/LAB3/Register_File_RF/Immed_Converter.vhd \
      EN work/Immed_Converter 1522170313
FL C:/Users/Lenovo/Desktop/LAB3/Register_File_RF/Incrementor.vhd 2018/03/13.15:08:06 O.87xd
EN work/Incrementor 1522170323 \
      FL C:/Users/Lenovo/Desktop/LAB3/Register_File_RF/Incrementor.vhd \
      PB ieee/std_logic_1164 1325952872 PB ieee/NUMERIC_STD 1325952877 \
      PB ieee/STD_LOGIC_UNSIGNED 1325952875
AR work/Incrementor/Behavioral 1522170324 \
      FL C:/Users/Lenovo/Desktop/LAB3/Register_File_RF/Incrementor.vhd \
      EN work/Incrementor 1522170323
FL C:/Users/Lenovo/Desktop/LAB3/Register_File_RF/incrementorImmed.vhd 2018/03/13.15:09:08 O.87xd
EN work/incrementorImmed 1522170325 \
      FL C:/Users/Lenovo/Desktop/LAB3/Register_File_RF/incrementorImmed.vhd \
      PB ieee/std_logic_1164 1325952872 PB ieee/NUMERIC_STD 1325952877 \
      PB ieee/STD_LOGIC_UNSIGNED 1325952875
AR work/incrementorImmed/Behavioral 1522170326 \
      FL C:/Users/Lenovo/Desktop/LAB3/Register_File_RF/incrementorImmed.vhd \
      EN work/incrementorImmed 1522170325
FL C:/Users/Lenovo/Desktop/LAB3/Register_File_RF/LSB_taker.vhd 2018/03/20.18:57:47 O.87xd
EN work/LSB_taker 1522170339 \
      FL C:/Users/Lenovo/Desktop/LAB3/Register_File_RF/LSB_taker.vhd \
      PB ieee/std_logic_1164 1325952872
AR work/LSB_taker/Behavioral 1522170340 \
      FL C:/Users/Lenovo/Desktop/LAB3/Register_File_RF/LSB_taker.vhd \
      EN work/LSB_taker 1522170339
FL C:/Users/Lenovo/Desktop/LAB3/Register_File_RF/MEMSTAGE.vhd 2018/03/18.19:20:11 O.87xd
EN work/MEMSTAGE 1522170337 \
      FL C:/Users/Lenovo/Desktop/LAB3/Register_File_RF/MEMSTAGE.vhd \
      PB ieee/std_logic_1164 1325952872 PB ieee/NUMERIC_STD 1325952877 \
      PB ieee/STD_LOGIC_UNSIGNED 1325952875
AR work/MEMSTAGE/Behavioral 1522170338 \
      FL C:/Users/Lenovo/Desktop/LAB3/Register_File_RF/MEMSTAGE.vhd \
      EN work/MEMSTAGE 1522170337
FL C:/Users/Lenovo/Desktop/LAB3/Register_File_RF/mux2_to_1_proc.vhd 2018/03/20.18:50:02 O.87xd
EN work/mux2_to_1_proc 1522170341 \
      FL C:/Users/Lenovo/Desktop/LAB3/Register_File_RF/mux2_to_1_proc.vhd \
      PB ieee/std_logic_1164 1325952872
AR work/mux2_to_1_proc/Behavioral 1522170342 \
      FL C:/Users/Lenovo/Desktop/LAB3/Register_File_RF/mux2_to_1_proc.vhd \
      EN work/mux2_to_1_proc 1522170341
FL C:/Users/Lenovo/Desktop/LAB3/Register_File_RF/muxPC.vhd 2018/03/12.21:21:18 O.87xd
EN work/muxPC 1522170327 \
      FL C:/Users/Lenovo/Desktop/LAB3/Register_File_RF/muxPC.vhd \
      PB ieee/std_logic_1164 1325952872
AR work/muxPC/Behavioral 1522170328 \
      FL C:/Users/Lenovo/Desktop/LAB3/Register_File_RF/muxPC.vhd EN work/muxPC 1522170327
FL C:/Users/Lenovo/Desktop/LAB3/Register_File_RF/MUX_2_to_1.vhd 2018/02/28.20:52:12 O.87xd
EN work/MUX_2_to_1 1522170307 \
      FL C:/Users/Lenovo/Desktop/LAB3/Register_File_RF/MUX_2_to_1.vhd \
      PB ieee/std_logic_1164 1325952872
AR work/MUX_2_to_1/Behavioral 1522170308 \
      FL C:/Users/Lenovo/Desktop/LAB3/Register_File_RF/MUX_2_to_1.vhd \
      EN work/MUX_2_to_1 1522170307
FL C:/Users/Lenovo/Desktop/LAB3/Register_File_RF/MUX_32_to_1.vhd 2018/02/28.20:35:08 O.87xd
EN work/MUX_32_to_1 1522170305 \
      FL C:/Users/Lenovo/Desktop/LAB3/Register_File_RF/MUX_32_to_1.vhd \
      PB ieee/std_logic_1164 1325952872
AR work/MUX_32_to_1/Behavioral 1522170306 \
      FL C:/Users/Lenovo/Desktop/LAB3/Register_File_RF/MUX_32_to_1.vhd \
      EN work/MUX_32_to_1 1522170305
FL C:/Users/Lenovo/Desktop/LAB3/Register_File_RF/MUX_pre_ALU.vhd 2018/03/14.15:10:28 O.87xd
EN work/MUX_pre_ALU 1522170309 \
      FL C:/Users/Lenovo/Desktop/LAB3/Register_File_RF/MUX_pre_ALU.vhd \
      PB ieee/std_logic_1164 1325952872
AR work/MUX_pre_ALU/Behavioral 1522170310 \
      FL C:/Users/Lenovo/Desktop/LAB3/Register_File_RF/MUX_pre_ALU.vhd \
      EN work/MUX_pre_ALU 1522170309
FL C:/Users/Lenovo/Desktop/LAB3/Register_File_RF/MUX_reg_file.vhd 2018/03/14.15:14:16 O.87xd
EN work/MUX_reg_file 1522170317 \
      FL C:/Users/Lenovo/Desktop/LAB3/Register_File_RF/MUX_reg_file.vhd \
      PB ieee/std_logic_1164 1325952872
AR work/MUX_reg_file/Behavioral 1522170318 \
      FL C:/Users/Lenovo/Desktop/LAB3/Register_File_RF/MUX_reg_file.vhd \
      EN work/MUX_reg_file 1522170317
FL C:/Users/Lenovo/Desktop/LAB3/Register_File_RF/MUX_RF_Instr.vhd 2018/03/09.19:59:08 O.87xd
EN work/MUX_RF_Instr 1522170315 \
      FL C:/Users/Lenovo/Desktop/LAB3/Register_File_RF/MUX_RF_Instr.vhd \
      PB ieee/std_logic_1164 1325952872
AR work/MUX_RF_Instr/Behavioral 1522170316 \
      FL C:/Users/Lenovo/Desktop/LAB3/Register_File_RF/MUX_RF_Instr.vhd \
      EN work/MUX_RF_Instr 1522170315
FL C:/Users/Lenovo/Desktop/LAB3/Register_File_RF/PC_Register.vhd 2018/03/22.18:35:28 O.87xd
EN work/PC_Register 1522170321 \
      FL C:/Users/Lenovo/Desktop/LAB3/Register_File_RF/PC_Register.vhd \
      PB ieee/std_logic_1164 1325952872 PB ieee/NUMERIC_STD 1325952877 \
      PB ieee/STD_LOGIC_UNSIGNED 1325952875 PB std/TEXTIO 1325952871 \
      PB ieee/STD_LOGIC_TEXTIO 1325952876
AR work/PC_Register/Behavioral 1522170322 \
      FL C:/Users/Lenovo/Desktop/LAB3/Register_File_RF/PC_Register.vhd \
      EN work/PC_Register 1522170321
FL C:/Users/Lenovo/Desktop/LAB3/Register_File_RF/processor.vhd 2018/03/23.20:06:22 O.87xd
EN work/processor 1522170345 \
      FL C:/Users/Lenovo/Desktop/LAB3/Register_File_RF/processor.vhd \
      PB ieee/std_logic_1164 1325952872
AR work/processor/Behavioral 1522170346 \
      FL C:/Users/Lenovo/Desktop/LAB3/Register_File_RF/processor.vhd \
      EN work/processor 1522170345 CP IFSTAGE CP RAM CP DECSTAGE CP ALUSTAGE \
      CP MEMSTAGE CP LSB_taker CP mux2_to_1_proc CP CONTROL
FL C:/Users/Lenovo/Desktop/LAB3/Register_File_RF/RAM.vhd 2018/03/08.18:54:32 O.87xd
EN work/RAM 1522170331 FL C:/Users/Lenovo/Desktop/LAB3/Register_File_RF/RAM.vhd \
      PB ieee/std_logic_1164 1325952872 PB ieee/STD_LOGIC_UNSIGNED 1325952875 \
      PB std/TEXTIO 1325952871 PB ieee/STD_LOGIC_TEXTIO 1325952876
AR work/RAM/syn 1522170332 \
      FL C:/Users/Lenovo/Desktop/LAB3/Register_File_RF/RAM.vhd EN work/RAM 1522170331
FL C:/Users/Lenovo/Desktop/LAB3/Register_File_RF/Register_32.vhd 2018/03/23.19:24:07 O.87xd
EN work/Register_32 1522170301 \
      FL C:/Users/Lenovo/Desktop/LAB3/Register_File_RF/Register_32.vhd \
      PB ieee/std_logic_1164 1325952872
AR work/Register_32/Behavioral 1522170302 \
      FL C:/Users/Lenovo/Desktop/LAB3/Register_File_RF/Register_32.vhd \
      EN work/Register_32 1522170301
FL C:/Users/Lenovo/Desktop/LAB3/Register_File_RF/Register_File_RF.vhd 2018/03/23.19:20:22 O.87xd
EN work/Register_File_RF 1522170319 \
      FL C:/Users/Lenovo/Desktop/LAB3/Register_File_RF/Register_File_RF.vhd \
      PB ieee/std_logic_1164 1325952872 PB ieee/NUMERIC_STD 1325952877
AR work/Register_File_RF/Behavioral 1522170320 \
      FL C:/Users/Lenovo/Desktop/LAB3/Register_File_RF/Register_File_RF.vhd \
      EN work/Register_File_RF 1522170319 CP Decoder_5_to_32 CP Register_32 \
      CP Compare_Module CP MUX_32_to_1 CP MUX_2_to_1
FL C:/Users/Lenovo/Desktop/zou/lab1/Register_File_RF/ALU.vhd 2018/03/05.19:39:35 O.87xd
FL C:/Users/Lenovo/Desktop/zou/lab1/Register_File_RF/ALU_operation.vhd 2018/03/05.17:45:09 O.87xd
FL C:/Users/Lenovo/Desktop/zou/lab1/Register_File_RF/ALU_Outputs.vhd 2018/03/05.19:26:26 O.87xd
FL C:/Users/user00000/Desktop/LAB2/Register_File_RF/IFSTAGE.vhd 2018/03/12.21:26:52 O.87xd
FL C:/Users/user00000/Desktop/LAB2/Register_File_RF/Immed_Converter.vhd 2018/03/13.21:01:29 O.87xd
FL C:/Users/user00000/Desktop/LAB2/Register_File_RF/Incrementor.vhd 2018/03/13.14:08:05 O.87xd
FL C:/Users/user00000/Desktop/LAB2/Register_File_RF/incrementorImmed.vhd 2018/03/12.21:24:03 O.87xd
FL C:/Users/user00000/Desktop/LAB2/Register_File_RF/MEMSTAGE.vhd 2018/03/14.10:52:09 O.87xd
FL C:/Users/user00000/Desktop/LAB2/Register_File_RF/muxPC.vhd 2018/03/12.20:21:18 O.87xd
FL C:/Users/user00000/Desktop/LAB2/Register_File_RF/PC_Register.vhd 2018/03/13.14:16:51 O.87xd
FL C:/Users/user00000/Desktop/LAB2/Register_File_RF/RAM.vhd 2018/03/08.17:54:32 O.87xd
FL F:/LAB2/Register_File_RF/ALU.vhd 2018/03/05.19:39:36 O.87xd
FL F:/LAB2/Register_File_RF/ALUSTAGE.vhd 2018/03/11.16:46:52 O.87xd
FL F:/LAB2/Register_File_RF/ALU_operation.vhd 2018/03/05.17:45:10 O.87xd
FL F:/LAB2/Register_File_RF/ALU_Outputs.vhd 2018/03/05.19:26:28 O.87xd
FL F:/LAB2/Register_File_RF/Compare_Module.vhd 2018/03/05.16:50:28 O.87xd
FL F:/LAB2/Register_File_RF/DECODE.vhd 2018/03/09.19:16:24 O.87xd
FL F:/LAB2/Register_File_RF/Decoder_5_to_32.vhd 2018/02/28.19:07:14 O.87xd
FL F:/LAB2/Register_File_RF/IFSTAGE.vhd 2018/03/13.14:17:40 O.87xd
FL F:/LAB2/Register_File_RF/Immed_Converter.vhd 2018/03/13.21:01:30 O.87xd
FL F:/LAB2/Register_File_RF/Incrementor.vhd 2018/03/13.14:08:06 O.87xd
FL F:/LAB2/Register_File_RF/incrementorImmed.vhd 2018/03/13.14:09:08 O.87xd
FL F:/LAB2/Register_File_RF/MEMSTAGE.vhd 2018/03/14.10:52:10 O.87xd
FL F:/LAB2/Register_File_RF/muxPC.vhd 2018/03/12.20:21:18 O.87xd
FL F:/LAB2/Register_File_RF/MUX_2_to_1.vhd 2018/02/28.19:52:12 O.87xd
FL F:/LAB2/Register_File_RF/MUX_32_to_1.vhd 2018/02/28.19:35:08 O.87xd
FL F:/LAB2/Register_File_RF/MUX_pre_ALU.vhd 2018/03/14.14:10:28 O.87xd
FL F:/LAB2/Register_File_RF/MUX_reg_file.vhd 2018/03/14.14:14:16 O.87xd
FL F:/LAB2/Register_File_RF/MUX_RF_Instr.vhd 2018/03/09.18:59:08 O.87xd
FL F:/LAB2/Register_File_RF/PC_Register.vhd 2018/03/13.14:16:52 O.87xd
FL F:/LAB2/Register_File_RF/RAM.vhd 2018/03/08.17:54:32 O.87xd
FL F:/LAB2/Register_File_RF/Register_32.vhd 2018/03/03.14:24:40 O.87xd
FL F:/LAB2/Register_File_RF/Register_File_RF.vhd 2018/03/05.16:52:40 O.87xd
