V3 253
FL C:/Users/Lenovo/Desktop/lab1/Register_File_RF/Compare_Module.vhd 2018/02/28.20:04:01 O.87xd
FL C:/Users/Lenovo/Desktop/lab1/Register_File_RF/Decoder_5_to_32.vhd 2018/02/28.19:07:12 O.87xd
FL C:/Users/Lenovo/Desktop/lab1/Register_File_RF/MUX_2_to_1.vhd 2018/02/28.19:52:10 O.87xd
FL C:/Users/Lenovo/Desktop/lab1/Register_File_RF/MUX_32_to_1.vhd 2018/02/28.19:35:06 O.87xd
FL C:/Users/Lenovo/Desktop/lab1/Register_File_RF/Register_32.vhd 2018/03/03.14:24:38 O.87xd
FL C:/Users/Lenovo/Desktop/lab1/Register_File_RF/Register_File_RF.vhd 2018/03/03.14:47:01 O.87xd
FL C:/Users/Lenovo/Desktop/LAB2/Register_File_RF/ALU.vhd 2018/03/05.19:39:35 O.87xd
FL C:/Users/Lenovo/Desktop/LAB2/Register_File_RF/ALUSTAGE.vhd 2018/03/11.16:46:50 O.87xd
FL C:/Users/Lenovo/Desktop/LAB2/Register_File_RF/ALU_operation.vhd 2018/03/05.17:45:09 O.87xd
FL C:/Users/Lenovo/Desktop/LAB2/Register_File_RF/ALU_Outputs.vhd 2018/03/05.19:26:26 O.87xd
FL C:/Users/Lenovo/Desktop/LAB2/Register_File_RF/Compare_Module.vhd 2018/03/05.16:50:26 O.87xd
FL C:/Users/Lenovo/Desktop/LAB2/Register_File_RF/DECODE.vhd 2018/03/09.19:16:22 O.87xd
FL C:/Users/Lenovo/Desktop/LAB2/Register_File_RF/Decoder_5_to_32.vhd 2018/02/28.19:07:12 O.87xd
FL C:/Users/Lenovo/Desktop/LAB2/Register_File_RF/IFSTAGE.vhd 2018/03/12.20:47:26 O.87xd
FL C:/Users/Lenovo/Desktop/LAB2/Register_File_RF/Immed_Converter.vhd 2018/03/09.18:42:11 O.87xd
FL C:/Users/Lenovo/Desktop/LAB2/Register_File_RF/Incrementor.vhd 2018/03/08.18:27:52 O.87xd
FL C:/Users/Lenovo/Desktop/LAB2/Register_File_RF/incrementorImmed.vhd 2018/03/08.18:47:38 O.87xd
FL C:/Users/Lenovo/Desktop/LAB2/Register_File_RF/MEMIF.vhd 2018/03/12.18:58:05 O.87xd
EN work/MEMIF 1520873895 \
      FL C:/Users/Lenovo/Desktop/LAB2/Register_File_RF/MEMIF.vhd \
      PB ieee/std_logic_1164 1325952872 PB ieee/NUMERIC_STD 1325952877 \
      PB ieee/STD_LOGIC_UNSIGNED 1325952875
AR work/MEMIF/Behavioral 1520873896 \
      FL C:/Users/Lenovo/Desktop/LAB2/Register_File_RF/MEMIF.vhd EN work/MEMIF 1520873895
FL C:/Users/Lenovo/Desktop/LAB2/Register_File_RF/MEMSTAGE.vhd 2018/03/12.18:53:04 O.87xd
FL C:/Users/Lenovo/Desktop/LAB2/Register_File_RF/muxPC.vhd 2018/03/12.20:21:16 O.87xd
FL C:/Users/Lenovo/Desktop/LAB2/Register_File_RF/MUX_2_to_1.vhd 2018/02/28.19:52:10 O.87xd
FL C:/Users/Lenovo/Desktop/LAB2/Register_File_RF/MUX_32_to_1.vhd 2018/02/28.19:35:06 O.87xd
FL C:/Users/Lenovo/Desktop/LAB2/Register_File_RF/MUX_pre_ALU.vhd 2018/03/11.16:37:11 O.87xd
FL C:/Users/Lenovo/Desktop/LAB2/Register_File_RF/MUX_reg_file.vhd 2018/03/09.18:54:09 O.87xd
FL C:/Users/Lenovo/Desktop/LAB2/Register_File_RF/MUX_RF_Instr.vhd 2018/03/09.18:59:07 O.87xd
FL C:/Users/Lenovo/Desktop/LAB2/Register_File_RF/PC_Register.vhd 2018/03/12.19:47:54 O.87xd
FL C:/Users/Lenovo/Desktop/LAB2/Register_File_RF/RAM.vhd 2018/03/08.17:54:31 O.87xd
FL C:/Users/Lenovo/Desktop/LAB2/Register_File_RF/Register_32.vhd 2018/03/03.14:24:38 O.87xd
FL C:/Users/Lenovo/Desktop/LAB2/Register_File_RF/Register_File_RF.vhd 2018/03/05.16:52:38 O.87xd
FL C:/Users/Lenovo/Desktop/LAB3/Register_File_RF/ALU.vhd 2018/03/05.20:39:36 O.87xd
FL C:/Users/Lenovo/Desktop/LAB3/Register_File_RF/ALUSTAGE.vhd 2018/03/11.17:46:52 O.87xd
FL C:/Users/Lenovo/Desktop/LAB3/Register_File_RF/ALU_operation.vhd 2018/03/24.14:45:46 O.87xd
FL C:/Users/Lenovo/Desktop/LAB3/Register_File_RF/ALU_Outputs.vhd 2018/03/05.20:26:28 O.87xd
FL C:/Users/Lenovo/Desktop/LAB3/Register_File_RF/Compare_Module.vhd 2018/03/23.22:45:26 O.87xd
FL C:/Users/Lenovo/Desktop/LAB3/Register_File_RF/CONTROL.vhd 2018/03/23.22:24:01 O.87xd
FL C:/Users/Lenovo/Desktop/LAB3/Register_File_RF/DECODE.vhd 2018/03/23.19:26:13 O.87xd
FL C:/Users/Lenovo/Desktop/LAB3/Register_File_RF/Decoder_5_to_32.vhd 2018/02/28.20:07:14 O.87xd
FL C:/Users/Lenovo/Desktop/LAB3/Register_File_RF/IFSTAGE.vhd 2018/03/22.18:46:18 O.87xd
FL C:/Users/Lenovo/Desktop/LAB3/Register_File_RF/Immed_Converter.vhd 2018/03/13.22:01:30 O.87xd
FL C:/Users/Lenovo/Desktop/LAB3/Register_File_RF/Incrementor.vhd 2018/03/13.15:08:06 O.87xd
FL C:/Users/Lenovo/Desktop/LAB3/Register_File_RF/incrementorImmed.vhd 2018/03/13.15:09:08 O.87xd
FL C:/Users/Lenovo/Desktop/LAB3/Register_File_RF/LSB_taker.vhd 2018/03/20.18:57:47 O.87xd
FL C:/Users/Lenovo/Desktop/LAB3/Register_File_RF/MEMSTAGE.vhd 2018/03/18.19:20:11 O.87xd
FL C:/Users/Lenovo/Desktop/LAB3/Register_File_RF/mux2_to_1_proc.vhd 2018/03/20.18:50:02 O.87xd
FL C:/Users/Lenovo/Desktop/LAB3/Register_File_RF/muxPC.vhd 2018/03/12.21:21:18 O.87xd
FL C:/Users/Lenovo/Desktop/LAB3/Register_File_RF/MUX_2_to_1.vhd 2018/02/28.20:52:12 O.87xd
FL C:/Users/Lenovo/Desktop/LAB3/Register_File_RF/MUX_32_to_1.vhd 2018/02/28.20:35:08 O.87xd
FL C:/Users/Lenovo/Desktop/LAB3/Register_File_RF/MUX_pre_ALU.vhd 2018/03/14.15:10:28 O.87xd
FL C:/Users/Lenovo/Desktop/LAB3/Register_File_RF/MUX_reg_file.vhd 2018/03/14.15:14:16 O.87xd
FL C:/Users/Lenovo/Desktop/LAB3/Register_File_RF/MUX_RF_Instr.vhd 2018/03/09.19:59:08 O.87xd
FL C:/Users/Lenovo/Desktop/LAB3/Register_File_RF/PC_Register.vhd 2018/03/22.18:35:28 O.87xd
FL C:/Users/Lenovo/Desktop/LAB3/Register_File_RF/processor.vhd 2018/03/23.20:06:22 O.87xd
FL C:/Users/Lenovo/Desktop/LAB3/Register_File_RF/RAM.vhd 2018/03/08.18:54:32 O.87xd
FL C:/Users/Lenovo/Desktop/LAB3/Register_File_RF/Register_32.vhd 2018/03/23.19:24:07 O.87xd
FL C:/Users/Lenovo/Desktop/LAB3/Register_File_RF/Register_File_RF.vhd 2018/03/23.19:20:22 O.87xd
FL C:/Users/Lenovo/Desktop/zou/lab1/Register_File_RF/ALU.vhd 2018/03/05.19:39:35 O.87xd
FL C:/Users/Lenovo/Desktop/zou/lab1/Register_File_RF/ALU_operation.vhd 2018/03/05.17:45:09 O.87xd
FL C:/Users/Lenovo/Desktop/zou/lab1/Register_File_RF/ALU_Outputs.vhd 2018/03/05.19:26:26 O.87xd
FL C:/Users/user00000/Desktop/LAB2/Register_File_RF/IFSTAGE.vhd 2018/03/12.21:26:52 O.87xd
FL C:/Users/user00000/Desktop/LAB2/Register_File_RF/Immed_Converter.vhd 2018/03/13.21:01:29 O.87xd
FL C:/Users/user00000/Desktop/LAB2/Register_File_RF/Incrementor.vhd 2018/03/13.14:08:05 O.87xd
FL C:/Users/user00000/Desktop/LAB2/Register_File_RF/incrementorImmed.vhd 2018/03/12.21:24:03 O.87xd
FL C:/Users/user00000/Desktop/LAB2/Register_File_RF/MEMSTAGE.vhd 2018/03/14.10:52:09 O.87xd
FL C:/Users/user00000/Desktop/LAB2/Register_File_RF/muxPC.vhd 2018/03/12.20:21:18 O.87xd
FL C:/Users/user00000/Desktop/LAB2/Register_File_RF/PC_Register.vhd 2018/03/13.14:16:51 O.87xd
FL C:/Users/user00000/Desktop/LAB2/Register_File_RF/RAM.vhd 2018/03/08.17:54:32 O.87xd
FL C:/Users/user00000/Desktop/LAB3/Register_File_RF/CONTROL.vhd 2018/04/01.16:42:15 O.87xd
FL C:/Users/user00000/Desktop/lab4.1/Register_File_RF/ALU.vhd 2018/03/05.20:39:36 O.87xd
FL C:/Users/user00000/Desktop/lab4.1/Register_File_RF/ALUSTAGE.vhd 2018/04/21.18:44:16 O.87xd
FL C:/Users/user00000/Desktop/lab4.1/Register_File_RF/ALU_operation.vhd 2018/04/22.15:18:16 O.87xd
FL C:/Users/user00000/Desktop/lab4.1/Register_File_RF/ALU_Outputs.vhd 2018/03/05.20:26:28 O.87xd
FL C:/Users/user00000/Desktop/lab4.1/Register_File_RF/CONTROL.vhd 2018/04/22.15:12:44 O.87xd
FL C:/Users/user00000/Desktop/lab4.1/Register_File_RF/Immed_Converter.vhd 2018/04/22.13:10:52 O.87xd
FL C:/Users/user00000/Desktop/lab4.1/Register_File_RF/MUX_2_to_1.vhd 2018/04/22.13:57:28 O.87xd
FL C:/Users/user00000/Desktop/lab4.1/Register_File_RF/MUX_pre_ALU.vhd 2018/04/21.17:35:04 O.87xd
FL C:/Users/user00000/Desktop/lab4.2/Register_File_RF/addressCounter.vhd 2018/04/21.16:49:09 O.87xd
EN work/addressCounter 1524475158 \
      FL C:/Users/user00000/Desktop/lab4.2/Register_File_RF/addressCounter.vhd \
      PB ieee/std_logic_1164 1325952872
AR work/addressCounter/Behavioral 1524475159 \
      FL C:/Users/user00000/Desktop/lab4.2/Register_File_RF/addressCounter.vhd \
      EN work/addressCounter 1524475158 CP MUX_2_to_1 CP Register_32 CP Incrementor
FL C:/Users/user00000/Desktop/lab4.2/Register_File_RF/ALU.vhd 2018/03/05.20:39:36 O.87xd
EN work/ALU 1524475122 \
      FL C:/Users/user00000/Desktop/lab4.2/Register_File_RF/ALU.vhd \
      PB ieee/std_logic_1164 1325952872
AR work/ALU/Behavioral 1524475123 \
      FL C:/Users/user00000/Desktop/lab4.2/Register_File_RF/ALU.vhd EN work/ALU 1524475122 \
      CP ALU_operation CP ALU_Outputs
FL C:/Users/user00000/Desktop/lab4.2/Register_File_RF/ALUSTAGE.vhd 2018/04/22.17:20:59 O.87xd
EN work/ALUSTAGE 1524475146 \
      FL C:/Users/user00000/Desktop/lab4.2/Register_File_RF/ALUSTAGE.vhd \
      PB ieee/std_logic_1164 1325952872
AR work/ALUSTAGE/Behavioral 1524475147 \
      FL C:/Users/user00000/Desktop/lab4.2/Register_File_RF/ALUSTAGE.vhd \
      EN work/ALUSTAGE 1524475146 CP MUX_pre_ALU CP ALU
FL C:/Users/user00000/Desktop/lab4.2/Register_File_RF/ALU_operation.vhd 2018/04/22.15:18:16 O.87xd
EN work/ALU_operation 1524475104 \
      FL C:/Users/user00000/Desktop/lab4.2/Register_File_RF/ALU_operation.vhd \
      PB ieee/std_logic_1164 1325952872 PB ieee/NUMERIC_STD 1325952877 \
      PB ieee/STD_LOGIC_UNSIGNED 1325952875
AR work/ALU_operation/Behavioral 1524475105 \
      FL C:/Users/user00000/Desktop/lab4.2/Register_File_RF/ALU_operation.vhd \
      EN work/ALU_operation 1524475104
FL C:/Users/user00000/Desktop/lab4.2/Register_File_RF/ALU_Outputs.vhd 2018/03/05.20:26:28 O.87xd
EN work/ALU_Outputs 1524475106 \
      FL C:/Users/user00000/Desktop/lab4.2/Register_File_RF/ALU_Outputs.vhd \
      PB ieee/std_logic_1164 1325952872 PB ieee/NUMERIC_STD 1325952877 \
      PB ieee/STD_LOGIC_UNSIGNED 1325952875
AR work/ALU_Outputs/Behavioral 1524475107 \
      FL C:/Users/user00000/Desktop/lab4.2/Register_File_RF/ALU_Outputs.vhd \
      EN work/ALU_Outputs 1524475106
FL C:/Users/user00000/Desktop/lab4.2/Register_File_RF/Compare_Module.vhd 2018/03/23.22:45:28 O.87xd
EN work/Compare_Module 1524494843 \
      FL C:/Users/user00000/Desktop/lab4.2/Register_File_RF/Compare_Module.vhd \
      PB ieee/std_logic_1164 1325952872
AR work/Compare_Module/Behavioral 1524494844 \
      FL C:/Users/user00000/Desktop/lab4.2/Register_File_RF/Compare_Module.vhd \
      EN work/Compare_Module 1524494843
FL C:/Users/user00000/Desktop/lab4.2/Register_File_RF/CONTROL.vhd 2018/04/23.19:53:57 O.87xd
EN work/CONTROL 1524502440 \
      FL C:/Users/user00000/Desktop/lab4.2/Register_File_RF/CONTROL.vhd \
      PB ieee/std_logic_1164 1325952872 PB ieee/std_logic_arith 1325952873 \
      PB ieee/STD_LOGIC_UNSIGNED 1325952875 PB ieee/NUMERIC_STD 1325952877
AR work/CONTROL/Behavioral 1524502441 \
      FL C:/Users/user00000/Desktop/lab4.2/Register_File_RF/CONTROL.vhd \
      EN work/CONTROL 1524502440
FL C:/Users/user00000/Desktop/lab4.2/Register_File_RF/counterAdd1.vhd 2018/04/23.17:46:46 O.87xd
EN work/counterAdd1 1524494857 \
      FL C:/Users/user00000/Desktop/lab4.2/Register_File_RF/counterAdd1.vhd \
      PB ieee/std_logic_1164 1325952872 PB ieee/NUMERIC_STD 1325952877 \
      PB ieee/STD_LOGIC_UNSIGNED 1325952875
AR work/counterAdd1/Behavioral 1524494858 \
      FL C:/Users/user00000/Desktop/lab4.2/Register_File_RF/counterAdd1.vhd \
      EN work/counterAdd1 1524494857
FL C:/Users/user00000/Desktop/lab4.2/Register_File_RF/DECODE.vhd 2018/04/23.17:47:15 O.87xd
EN work/DECSTAGE 1524494859 \
      FL C:/Users/user00000/Desktop/lab4.2/Register_File_RF/DECODE.vhd \
      PB ieee/std_logic_1164 1325952872
AR work/DECSTAGE/Behavioral 1524494860 \
      FL C:/Users/user00000/Desktop/lab4.2/Register_File_RF/DECODE.vhd \
      EN work/DECSTAGE 1524494859 CP Immed_Converter CP MUX_RF_Instr \
      CP MUX_reg_file CP Register_File_RF CP counterAdd1
FL C:/Users/user00000/Desktop/lab4.2/Register_File_RF/Decoder_5_to_32.vhd 2018/02/28.20:07:14 O.87xd
EN work/Decoder_5_to_32 1524494839 \
      FL C:/Users/user00000/Desktop/lab4.2/Register_File_RF/Decoder_5_to_32.vhd \
      PB ieee/std_logic_1164 1325952872
AR work/Decoder_5_to_32/Behavioral 1524494840 \
      FL C:/Users/user00000/Desktop/lab4.2/Register_File_RF/Decoder_5_to_32.vhd \
      EN work/Decoder_5_to_32 1524494839
FL C:/Users/user00000/Desktop/lab4.2/Register_File_RF/IFSTAGE.vhd 2018/03/22.18:46:20 O.87xd
EN work/IFSTAGE 1524475140 \
      FL C:/Users/user00000/Desktop/lab4.2/Register_File_RF/IFSTAGE.vhd \
      PB ieee/std_logic_1164 1325952872 PB ieee/NUMERIC_STD 1325952877
AR work/IFSTAGE/Behavioral 1524475141 \
      FL C:/Users/user00000/Desktop/lab4.2/Register_File_RF/IFSTAGE.vhd \
      EN work/IFSTAGE 1524475140 CP PC_Register CP Incrementor CP incrementorImmed \
      CP muxPC
FL C:/Users/user00000/Desktop/lab4.2/Register_File_RF/Immed_Converter.vhd 2018/04/23.11:06:17 O.87xd
EN work/Immed_Converter 1524494849 \
      FL C:/Users/user00000/Desktop/lab4.2/Register_File_RF/Immed_Converter.vhd \
      PB ieee/std_logic_1164 1325952872
AR work/Immed_Converter/Behavioral 1524494850 \
      FL C:/Users/user00000/Desktop/lab4.2/Register_File_RF/Immed_Converter.vhd \
      EN work/Immed_Converter 1524494849
FL C:/Users/user00000/Desktop/lab4.2/Register_File_RF/Incrementor.vhd 2018/03/13.15:08:06 O.87xd
EN work/Incrementor 1524475118 \
      FL C:/Users/user00000/Desktop/lab4.2/Register_File_RF/Incrementor.vhd \
      PB ieee/std_logic_1164 1325952872 PB ieee/NUMERIC_STD 1325952877 \
      PB ieee/STD_LOGIC_UNSIGNED 1325952875
AR work/Incrementor/Behavioral 1524475119 \
      FL C:/Users/user00000/Desktop/lab4.2/Register_File_RF/Incrementor.vhd \
      EN work/Incrementor 1524475118
FL C:/Users/user00000/Desktop/lab4.2/Register_File_RF/incrementorImmed.vhd 2018/03/13.15:09:08 O.87xd
EN work/incrementorImmed 1524475136 \
      FL C:/Users/user00000/Desktop/lab4.2/Register_File_RF/incrementorImmed.vhd \
      PB ieee/std_logic_1164 1325952872 PB ieee/NUMERIC_STD 1325952877 \
      PB ieee/STD_LOGIC_UNSIGNED 1325952875
AR work/incrementorImmed/Behavioral 1524475137 \
      FL C:/Users/user00000/Desktop/lab4.2/Register_File_RF/incrementorImmed.vhd \
      EN work/incrementorImmed 1524475136
FL C:/Users/user00000/Desktop/lab4.2/Register_File_RF/LSB_taker.vhd 2018/03/20.18:57:48 O.87xd
EN work/LSB_taker 1524475150 \
      FL C:/Users/user00000/Desktop/lab4.2/Register_File_RF/LSB_taker.vhd \
      PB ieee/std_logic_1164 1325952872
AR work/LSB_taker/Behavioral 1524475151 \
      FL C:/Users/user00000/Desktop/lab4.2/Register_File_RF/LSB_taker.vhd \
      EN work/LSB_taker 1524475150
FL C:/Users/user00000/Desktop/lab4.2/Register_File_RF/MEMSTAGE.vhd 2018/03/28.09:49:12 O.87xd
EN work/MEMSTAGE 1524475148 \
      FL C:/Users/user00000/Desktop/lab4.2/Register_File_RF/MEMSTAGE.vhd \
      PB ieee/std_logic_1164 1325952872 PB ieee/NUMERIC_STD 1325952877 \
      PB ieee/STD_LOGIC_UNSIGNED 1325952875
AR work/MEMSTAGE/Behavioral 1524475149 \
      FL C:/Users/user00000/Desktop/lab4.2/Register_File_RF/MEMSTAGE.vhd \
      EN work/MEMSTAGE 1524475148
FL C:/Users/user00000/Desktop/lab4.2/Register_File_RF/mux2_to_1_proc.vhd 2018/03/20.18:50:04 O.87xd
EN work/mux2_to_1_proc 1524475152 \
      FL C:/Users/user00000/Desktop/lab4.2/Register_File_RF/mux2_to_1_proc.vhd \
      PB ieee/std_logic_1164 1325952872
AR work/mux2_to_1_proc/Behavioral 1524475153 \
      FL C:/Users/user00000/Desktop/lab4.2/Register_File_RF/mux2_to_1_proc.vhd \
      EN work/mux2_to_1_proc 1524475152
FL C:/Users/user00000/Desktop/lab4.2/Register_File_RF/mux4to1.vhd 2018/04/22.17:12:10 O.87xd
EN work/mux4to1 1524475154 \
      FL C:/Users/user00000/Desktop/lab4.2/Register_File_RF/mux4to1.vhd \
      PB ieee/std_logic_1164 1325952872
AR work/mux4to1/Behavioral 1524475155 \
      FL C:/Users/user00000/Desktop/lab4.2/Register_File_RF/mux4to1.vhd \
      EN work/mux4to1 1524475154
FL C:/Users/user00000/Desktop/lab4.2/Register_File_RF/muxPC.vhd 2018/03/12.21:21:18 O.87xd
EN work/muxPC 1524475138 \
      FL C:/Users/user00000/Desktop/lab4.2/Register_File_RF/muxPC.vhd \
      PB ieee/std_logic_1164 1325952872
AR work/muxPC/Behavioral 1524475139 \
      FL C:/Users/user00000/Desktop/lab4.2/Register_File_RF/muxPC.vhd \
      EN work/muxPC 1524475138
FL C:/Users/user00000/Desktop/lab4.2/Register_File_RF/MUX_2_to_1.vhd 2018/04/22.13:57:28 O.87xd
EN work/MUX_2_to_1 1524494847 \
      FL C:/Users/user00000/Desktop/lab4.2/Register_File_RF/MUX_2_to_1.vhd \
      PB ieee/std_logic_1164 1325952872
AR work/MUX_2_to_1/Behavioral 1524494848 \
      FL C:/Users/user00000/Desktop/lab4.2/Register_File_RF/MUX_2_to_1.vhd \
      EN work/MUX_2_to_1 1524494847
FL C:/Users/user00000/Desktop/lab4.2/Register_File_RF/MUX_32_to_1.vhd 2018/02/28.20:35:08 O.87xd
EN work/MUX_32_to_1 1524494845 \
      FL C:/Users/user00000/Desktop/lab4.2/Register_File_RF/MUX_32_to_1.vhd \
      PB ieee/std_logic_1164 1325952872
AR work/MUX_32_to_1/Behavioral 1524494846 \
      FL C:/Users/user00000/Desktop/lab4.2/Register_File_RF/MUX_32_to_1.vhd \
      EN work/MUX_32_to_1 1524494845
FL C:/Users/user00000/Desktop/lab4.2/Register_File_RF/MUX_pre_ALU.vhd 2018/04/22.17:16:52 O.87xd
EN work/MUX_pre_ALU 1524475120 \
      FL C:/Users/user00000/Desktop/lab4.2/Register_File_RF/MUX_pre_ALU.vhd \
      PB ieee/std_logic_1164 1325952872
AR work/MUX_pre_ALU/Behavioral 1524475121 \
      FL C:/Users/user00000/Desktop/lab4.2/Register_File_RF/MUX_pre_ALU.vhd \
      EN work/MUX_pre_ALU 1524475120
FL C:/Users/user00000/Desktop/lab4.2/Register_File_RF/MUX_reg_file.vhd 2018/03/14.15:14:16 O.87xd
EN work/MUX_reg_file 1524494853 \
      FL C:/Users/user00000/Desktop/lab4.2/Register_File_RF/MUX_reg_file.vhd \
      PB ieee/std_logic_1164 1325952872
AR work/MUX_reg_file/Behavioral 1524494854 \
      FL C:/Users/user00000/Desktop/lab4.2/Register_File_RF/MUX_reg_file.vhd \
      EN work/MUX_reg_file 1524494853
FL C:/Users/user00000/Desktop/lab4.2/Register_File_RF/MUX_RF_Instr.vhd 2018/03/09.19:59:08 O.87xd
EN work/MUX_RF_Instr 1524494851 \
      FL C:/Users/user00000/Desktop/lab4.2/Register_File_RF/MUX_RF_Instr.vhd \
      PB ieee/std_logic_1164 1325952872
AR work/MUX_RF_Instr/Behavioral 1524494852 \
      FL C:/Users/user00000/Desktop/lab4.2/Register_File_RF/MUX_RF_Instr.vhd \
      EN work/MUX_RF_Instr 1524494851
FL C:/Users/user00000/Desktop/lab4.2/Register_File_RF/PC_Register.vhd 2018/03/22.18:35:30 O.87xd
EN work/PC_Register 1524475134 \
      FL C:/Users/user00000/Desktop/lab4.2/Register_File_RF/PC_Register.vhd \
      PB ieee/std_logic_1164 1325952872 PB ieee/NUMERIC_STD 1325952877 \
      PB ieee/STD_LOGIC_UNSIGNED 1325952875 PB std/TEXTIO 1325952871 \
      PB ieee/STD_LOGIC_TEXTIO 1325952876
AR work/PC_Register/Behavioral 1524475135 \
      FL C:/Users/user00000/Desktop/lab4.2/Register_File_RF/PC_Register.vhd \
      EN work/PC_Register 1524475134
FL C:/Users/user00000/Desktop/lab4.2/Register_File_RF/processor.vhd 2018/04/23.12:18:19 O.87xd
EN work/processor 1524475160 \
      FL C:/Users/user00000/Desktop/lab4.2/Register_File_RF/processor.vhd \
      PB ieee/std_logic_1164 1325952872
AR work/processor/Behavioral 1524475161 \
      FL C:/Users/user00000/Desktop/lab4.2/Register_File_RF/processor.vhd \
      EN work/processor 1524475160 CP IFSTAGE CP RAM CP DECSTAGE CP ALUSTAGE \
      CP Register_32 CP MEMSTAGE CP LSB_taker CP mux2_to_1_proc CP mux4to1 CP CONTROL \
      CP MUX_2_to_1 CP addressCounter
FL C:/Users/user00000/Desktop/lab4.2/Register_File_RF/RAM.vhd 2018/03/08.18:54:32 O.87xd
EN work/RAM 1524475142 \
      FL C:/Users/user00000/Desktop/lab4.2/Register_File_RF/RAM.vhd \
      PB ieee/std_logic_1164 1325952872 PB ieee/STD_LOGIC_UNSIGNED 1325952875 \
      PB std/TEXTIO 1325952871 PB ieee/STD_LOGIC_TEXTIO 1325952876
AR work/RAM/syn 1524475143 \
      FL C:/Users/user00000/Desktop/lab4.2/Register_File_RF/RAM.vhd EN work/RAM 1524475142
FL C:/Users/user00000/Desktop/lab4.2/Register_File_RF/Register_32.vhd 2018/03/23.19:24:08 O.87xd
EN work/Register_32 1524494841 \
      FL C:/Users/user00000/Desktop/lab4.2/Register_File_RF/Register_32.vhd \
      PB ieee/std_logic_1164 1325952872
AR work/Register_32/Behavioral 1524494842 \
      FL C:/Users/user00000/Desktop/lab4.2/Register_File_RF/Register_32.vhd \
      EN work/Register_32 1524494841
FL C:/Users/user00000/Desktop/lab4.2/Register_File_RF/Register_File_RF.vhd 2018/03/23.19:20:24 O.87xd
EN work/Register_File_RF 1524494855 \
      FL C:/Users/user00000/Desktop/lab4.2/Register_File_RF/Register_File_RF.vhd \
      PB ieee/std_logic_1164 1325952872 PB ieee/NUMERIC_STD 1325952877
AR work/Register_File_RF/Behavioral 1524494856 \
      FL C:/Users/user00000/Desktop/lab4.2/Register_File_RF/Register_File_RF.vhd \
      EN work/Register_File_RF 1524494855 CP Decoder_5_to_32 CP Register_32 \
      CP Compare_Module CP MUX_32_to_1 CP MUX_2_to_1
FL C:/Users/user00000/Desktop/lab4/Register_File_RF/addressCounter.vhd 2018/04/21.16:49:09 O.87xd
FL C:/Users/user00000/Desktop/lab4/Register_File_RF/ALU.vhd 2018/03/05.20:39:36 O.87xd
FL C:/Users/user00000/Desktop/lab4/Register_File_RF/ALUSTAGE.vhd 2018/04/21.18:44:16 O.87xd
FL C:/Users/user00000/Desktop/lab4/Register_File_RF/ALU_operation.vhd 2018/04/21.14:42:54 O.87xd
FL C:/Users/user00000/Desktop/lab4/Register_File_RF/ALU_Outputs.vhd 2018/03/05.20:26:28 O.87xd
FL C:/Users/user00000/Desktop/lab4/Register_File_RF/Compare_Module.vhd 2018/03/23.22:45:28 O.87xd
FL C:/Users/user00000/Desktop/lab4/Register_File_RF/CONTROL.vhd 2018/04/21.21:23:38 O.87xd
FL C:/Users/user00000/Desktop/lab4/Register_File_RF/DECODE.vhd 2018/04/01.16:30:41 O.87xd
FL C:/Users/user00000/Desktop/lab4/Register_File_RF/Decoder_5_to_32.vhd 2018/02/28.20:07:14 O.87xd
FL C:/Users/user00000/Desktop/lab4/Register_File_RF/IFSTAGE.vhd 2018/03/22.18:46:20 O.87xd
FL C:/Users/user00000/Desktop/lab4/Register_File_RF/Immed_Converter.vhd 2018/03/13.22:01:30 O.87xd
FL C:/Users/user00000/Desktop/lab4/Register_File_RF/Incrementor.vhd 2018/03/13.15:08:06 O.87xd
FL C:/Users/user00000/Desktop/lab4/Register_File_RF/incrementorImmed.vhd 2018/03/13.15:09:08 O.87xd
FL C:/Users/user00000/Desktop/lab4/Register_File_RF/LSB_taker.vhd 2018/03/20.18:57:48 O.87xd
FL C:/Users/user00000/Desktop/lab4/Register_File_RF/MEMSTAGE.vhd 2018/03/28.09:49:12 O.87xd
FL C:/Users/user00000/Desktop/lab4/Register_File_RF/mux2_to_1_proc.vhd 2018/03/20.18:50:04 O.87xd
FL C:/Users/user00000/Desktop/lab4/Register_File_RF/muxPC.vhd 2018/03/12.21:21:18 O.87xd
FL C:/Users/user00000/Desktop/lab4/Register_File_RF/MUX_2_to_1.vhd 2018/02/28.20:52:12 O.87xd
FL C:/Users/user00000/Desktop/lab4/Register_File_RF/MUX_32_to_1.vhd 2018/02/28.20:35:08 O.87xd
FL C:/Users/user00000/Desktop/lab4/Register_File_RF/MUX_pre_ALU.vhd 2018/04/21.17:35:04 O.87xd
FL C:/Users/user00000/Desktop/lab4/Register_File_RF/MUX_reg_file.vhd 2018/03/14.15:14:16 O.87xd
FL C:/Users/user00000/Desktop/lab4/Register_File_RF/MUX_RF_Instr.vhd 2018/03/09.19:59:08 O.87xd
FL C:/Users/user00000/Desktop/lab4/Register_File_RF/PC_Register.vhd 2018/03/22.18:35:30 O.87xd
FL C:/Users/user00000/Desktop/lab4/Register_File_RF/processor.vhd 2018/04/21.18:45:24 O.87xd
FL C:/Users/user00000/Desktop/lab4/Register_File_RF/RAM.vhd 2018/03/08.18:54:32 O.87xd
FL C:/Users/user00000/Desktop/lab4/Register_File_RF/Register_32.vhd 2018/03/23.19:24:08 O.87xd
FL C:/Users/user00000/Desktop/lab4/Register_File_RF/Register_File_RF.vhd 2018/03/23.19:20:24 O.87xd
FL F:/LAB2/Register_File_RF/ALU.vhd 2018/03/05.19:39:36 O.87xd
FL F:/LAB2/Register_File_RF/ALUSTAGE.vhd 2018/03/11.16:46:52 O.87xd
FL F:/LAB2/Register_File_RF/ALU_operation.vhd 2018/03/05.17:45:10 O.87xd
FL F:/LAB2/Register_File_RF/ALU_Outputs.vhd 2018/03/05.19:26:28 O.87xd
FL F:/LAB2/Register_File_RF/Compare_Module.vhd 2018/03/05.16:50:28 O.87xd
FL F:/LAB2/Register_File_RF/DECODE.vhd 2018/03/09.19:16:24 O.87xd
FL F:/LAB2/Register_File_RF/Decoder_5_to_32.vhd 2018/02/28.19:07:14 O.87xd
FL F:/LAB2/Register_File_RF/IFSTAGE.vhd 2018/03/13.14:17:40 O.87xd
FL F:/LAB2/Register_File_RF/Immed_Converter.vhd 2018/03/13.21:01:30 O.87xd
FL F:/LAB2/Register_File_RF/Incrementor.vhd 2018/03/13.14:08:06 O.87xd
FL F:/LAB2/Register_File_RF/incrementorImmed.vhd 2018/03/13.14:09:08 O.87xd
FL F:/LAB2/Register_File_RF/MEMSTAGE.vhd 2018/03/14.10:52:10 O.87xd
FL F:/LAB2/Register_File_RF/muxPC.vhd 2018/03/12.20:21:18 O.87xd
FL F:/LAB2/Register_File_RF/MUX_2_to_1.vhd 2018/02/28.19:52:12 O.87xd
FL F:/LAB2/Register_File_RF/MUX_32_to_1.vhd 2018/02/28.19:35:08 O.87xd
FL F:/LAB2/Register_File_RF/MUX_pre_ALU.vhd 2018/03/14.14:10:28 O.87xd
FL F:/LAB2/Register_File_RF/MUX_reg_file.vhd 2018/03/14.14:14:16 O.87xd
FL F:/LAB2/Register_File_RF/MUX_RF_Instr.vhd 2018/03/09.18:59:08 O.87xd
FL F:/LAB2/Register_File_RF/PC_Register.vhd 2018/03/13.14:16:52 O.87xd
FL F:/LAB2/Register_File_RF/RAM.vhd 2018/03/08.17:54:32 O.87xd
FL F:/LAB2/Register_File_RF/Register_32.vhd 2018/03/03.14:24:40 O.87xd
FL F:/LAB2/Register_File_RF/Register_File_RF.vhd 2018/03/05.16:52:40 O.87xd
FL F:/LAB3/Register_File_RF/Compare_Module.vhd 2018/03/23.22:45:28 O.87xd
FL F:/LAB3/Register_File_RF/CONTROL.vhd 2018/03/28.10:49:36 O.87xd
FL F:/LAB3/Register_File_RF/DECODE.vhd 2018/03/28.10:53:30 O.87xd
FL F:/LAB3/Register_File_RF/Decoder_5_to_32.vhd 2018/02/28.20:07:14 O.87xd
FL F:/LAB3/Register_File_RF/Immed_Converter.vhd 2018/03/13.22:01:30 O.87xd
FL F:/LAB3/Register_File_RF/MEMSTAGE.vhd 2018/03/28.09:49:12 O.87xd
FL F:/LAB3/Register_File_RF/MUX_2_to_1.vhd 2018/02/28.20:52:12 O.87xd
FL F:/LAB3/Register_File_RF/MUX_32_to_1.vhd 2018/02/28.20:35:08 O.87xd
FL F:/LAB3/Register_File_RF/MUX_reg_file.vhd 2018/03/14.15:14:16 O.87xd
FL F:/LAB3/Register_File_RF/MUX_RF_Instr.vhd 2018/03/09.19:59:08 O.87xd
FL F:/LAB3/Register_File_RF/Register_32.vhd 2018/03/23.19:24:08 O.87xd
FL F:/LAB3/Register_File_RF/Register_File_RF.vhd 2018/03/23.19:20:24 O.87xd
