AR register_32 behavioral C:/Users/Lenovo/Desktop/LAB2/Register_File_RF/Register_32.vhd sub00/vhpl01 1520615790
EN register_32 NULL C:/Users/Lenovo/Desktop/LAB2/Register_File_RF/Register_32.vhd sub00/vhpl00 1520615789
AR compare_module behavioral C:/Users/Lenovo/Desktop/LAB2/Register_File_RF/Compare_Module.vhd sub00/vhpl09 1520615792
EN mux_reg_file NULL C:/Users/Lenovo/Desktop/LAB2/Register_File_RF/MUX_reg_file.vhd sub00/vhpl34 1520615801
AR memif behavioral C:/Users/Lenovo/Desktop/LAB2/Register_File_RF/MEMIF.vhd sub00/vhpl45 1520873896
AR incrementorimmed behavioral C:/Users/user00000/Desktop/LAB2/Register_File_RF/incrementorImmed.vhd sub00/vhpl25 1520882820
EN immed_converter NULL C:/Users/user00000/Desktop/LAB2/Register_File_RF/Immed_Converter.vhd sub00/vhpl32 1520967694
EN incrementor NULL C:/Users/user00000/Desktop/LAB2/Register_File_RF/Incrementor.vhd sub00/vhpl22 1520942952
EN alustage NULL C:/Users/Lenovo/Desktop/LAB2/Register_File_RF/ALUSTAGE.vhd sub00/vhpl38 1520779623
AR decoder_5_to_32 behavioral C:/Users/Lenovo/Desktop/LAB2/Register_File_RF/Decoder_5_to_32.vhd sub00/vhpl03 1520615788
AR decstage behavioral C:/Users/Lenovo/Desktop/LAB2/Register_File_RF/DECODE.vhd sub00/vhpl31 1520615806
EN compare_module NULL C:/Users/Lenovo/Desktop/LAB2/Register_File_RF/Compare_Module.vhd sub00/vhpl08 1520615791
EN mux_32_to_1 NULL C:/Users/Lenovo/Desktop/LAB2/Register_File_RF/MUX_32_to_1.vhd sub00/vhpl04 1520615793
EN incrementorimmed NULL C:/Users/user00000/Desktop/LAB2/Register_File_RF/incrementorImmed.vhd sub00/vhpl24 1520882819
AR immed_converter behavioral C:/Users/user00000/Desktop/LAB2/Register_File_RF/Immed_Converter.vhd sub00/vhpl33 1520967695
EN alu_outputs NULL C:/Users/Lenovo/Desktop/LAB2/Register_File_RF/ALU_Outputs.vhd sub00/vhpl16 1520779617
AR mux_rf_instr behavioral C:/Users/Lenovo/Desktop/LAB2/Register_File_RF/MUX_RF_Instr.vhd sub00/vhpl37 1520615800
AR ifstage behavioral C:/Users/user00000/Desktop/LAB2/Register_File_RF/IFSTAGE.vhd sub00/vhpl21 1520882828
EN decstage NULL C:/Users/Lenovo/Desktop/LAB2/Register_File_RF/DECODE.vhd sub00/vhpl30 1520615805
AR pc_register behavioral C:/Users/user00000/Desktop/LAB2/Register_File_RF/PC_Register.vhd sub00/vhpl29 1520943417
EN memstage NULL C:/Users/user00000/Desktop/LAB2/Register_File_RF/MEMSTAGE.vhd sub00/vhpl43 1521017534
AR register_file_rf behavioral C:/Users/Lenovo/Desktop/LAB2/Register_File_RF/Register_File_RF.vhd sub00/vhpl11 1520615804
EN register_file_rf NULL C:/Users/Lenovo/Desktop/LAB2/Register_File_RF/Register_File_RF.vhd sub00/vhpl10 1520615803
AR ram syn C:/Users/user00000/Desktop/LAB2/Register_File_RF/RAM.vhd sub00/vhpl19 1521017533
AR mux_2_to_1 behavioral C:/Users/Lenovo/Desktop/LAB2/Register_File_RF/MUX_2_to_1.vhd sub00/vhpl07 1520615796
AR mux_32_to_1 behavioral C:/Users/Lenovo/Desktop/LAB2/Register_File_RF/MUX_32_to_1.vhd sub00/vhpl05 1520615794
EN ifstage NULL C:/Users/user00000/Desktop/LAB2/Register_File_RF/IFSTAGE.vhd sub00/vhpl20 1520882827
AR mux_pre_alu behavioral C:/Users/Lenovo/Desktop/LAB2/Register_File_RF/MUX_pre_ALU.vhd sub00/vhpl41 1520779620
AR alu_outputs behavioral C:/Users/Lenovo/Desktop/LAB2/Register_File_RF/ALU_Outputs.vhd sub00/vhpl17 1520779618
EN mux_2_to_1 NULL C:/Users/Lenovo/Desktop/LAB2/Register_File_RF/MUX_2_to_1.vhd sub00/vhpl06 1520615795
AR incrementor behavioral C:/Users/user00000/Desktop/LAB2/Register_File_RF/Incrementor.vhd sub00/vhpl23 1520942953
AR alustage behavioral C:/Users/Lenovo/Desktop/LAB2/Register_File_RF/ALUSTAGE.vhd sub00/vhpl39 1520779624
EN mux_rf_instr NULL C:/Users/Lenovo/Desktop/LAB2/Register_File_RF/MUX_RF_Instr.vhd sub00/vhpl36 1520615799
EN mux_pre_alu NULL C:/Users/Lenovo/Desktop/LAB2/Register_File_RF/MUX_pre_ALU.vhd sub00/vhpl40 1520779619
EN decoder_5_to_32 NULL C:/Users/Lenovo/Desktop/LAB2/Register_File_RF/Decoder_5_to_32.vhd sub00/vhpl02 1520615787
EN muxpc NULL C:/Users/user00000/Desktop/LAB2/Register_File_RF/muxPC.vhd sub00/vhpl26 1520942979
EN pc_register NULL C:/Users/user00000/Desktop/LAB2/Register_File_RF/PC_Register.vhd sub00/vhpl28 1520943416
EN memif NULL C:/Users/Lenovo/Desktop/LAB2/Register_File_RF/MEMIF.vhd sub00/vhpl42 1520873895
AR alu behavioral C:/Users/Lenovo/Desktop/LAB2/Register_File_RF/ALU.vhd sub00/vhpl13 1520779622
EN ram NULL C:/Users/user00000/Desktop/LAB2/Register_File_RF/RAM.vhd sub00/vhpl18 1521017532
AR memstage behavioral C:/Users/user00000/Desktop/LAB2/Register_File_RF/MEMSTAGE.vhd sub00/vhpl44 1521017535
AR muxpc behavioral C:/Users/user00000/Desktop/LAB2/Register_File_RF/muxPC.vhd sub00/vhpl27 1520942980
EN alu_operation NULL C:/Users/Lenovo/Desktop/LAB2/Register_File_RF/ALU_operation.vhd sub00/vhpl14 1520779615
EN alu NULL C:/Users/Lenovo/Desktop/LAB2/Register_File_RF/ALU.vhd sub00/vhpl12 1520779621
AR mux_reg_file behavioral C:/Users/Lenovo/Desktop/LAB2/Register_File_RF/MUX_reg_file.vhd sub00/vhpl35 1520615802
AR alu_operation behavioral C:/Users/Lenovo/Desktop/LAB2/Register_File_RF/ALU_operation.vhd sub00/vhpl15 1520779616
