Release 13.4 - xst O.87xd (nt64)
Copyright (c) 1995-2011 Xilinx, Inc.  All rights reserved.
--> Parameter TMPDIR set to xst/projnav.tmp


Total REAL time to Xst completion: 0.00 secs
Total CPU time to Xst completion: 0.32 secs
 
--> Parameter xsthdpdir set to xst


Total REAL time to Xst completion: 0.00 secs
Total CPU time to Xst completion: 0.32 secs
 
--> Reading design: Register_File_RF.prj

TABLE OF CONTENTS
  1) Synthesis Options Summary
  2) HDL Compilation
  3) Design Hierarchy Analysis
  4) HDL Analysis
  5) HDL Synthesis
     5.1) HDL Synthesis Report
  6) Advanced HDL Synthesis
     6.1) Advanced HDL Synthesis Report
  7) Low Level Synthesis
  8) Partition Report
  9) Final Report
	9.1) Device utilization summary
	9.2) Partition Resource Summary
	9.3) TIMING REPORT


=========================================================================
*                      Synthesis Options Summary                        *
=========================================================================
---- Source Parameters
Input File Name                    : "Register_File_RF.prj"
Input Format                       : mixed
Ignore Synthesis Constraint File   : NO

---- Target Parameters
Output File Name                   : "Register_File_RF"
Output Format                      : NGC
Target Device                      : xc3s100e-5-cp132

---- Source Options
Top Module Name                    : Register_File_RF
Automatic FSM Extraction           : YES
FSM Encoding Algorithm             : Auto
Safe Implementation                : No
FSM Style                          : LUT
RAM Extraction                     : Yes
RAM Style                          : Auto
ROM Extraction                     : Yes
Mux Style                          : Auto
Decoder Extraction                 : YES
Priority Encoder Extraction        : Yes
Shift Register Extraction          : YES
Logical Shifter Extraction         : YES
XOR Collapsing                     : YES
ROM Style                          : Auto
Mux Extraction                     : Yes
Resource Sharing                   : YES
Asynchronous To Synchronous        : NO
Multiplier Style                   : Auto
Automatic Register Balancing       : No

---- Target Options
Add IO Buffers                     : YES
Global Maximum Fanout              : 100000
Add Generic Clock Buffer(BUFG)     : 24
Register Duplication               : YES
Slice Packing                      : YES
Optimize Instantiated Primitives   : NO
Use Clock Enable                   : Yes
Use Synchronous Set                : Yes
Use Synchronous Reset              : Yes
Pack IO Registers into IOBs        : Auto
Equivalent register Removal        : YES

---- General Options
Optimization Goal                  : Speed
Optimization Effort                : 1
Keep Hierarchy                     : No
Netlist Hierarchy                  : As_Optimized
RTL Output                         : Yes
Global Optimization                : AllClockNets
Read Cores                         : YES
Write Timing Constraints           : NO
Cross Clock Analysis               : NO
Hierarchy Separator                : /
Bus Delimiter                      : <>
Case Specifier                     : Maintain
Slice Utilization Ratio            : 100
BRAM Utilization Ratio             : 100
Verilog 2001                       : YES
Auto BRAM Packing                  : NO
Slice Utilization Ratio Delta      : 5

=========================================================================


=========================================================================
*                          HDL Compilation                              *
=========================================================================
Compiling vhdl file "C:/Users/Lenovo/Desktop/lab1/Register_File_RF/Decoder_5_to_32.vhd" in Library work.
Architecture behavioral of Entity decoder_5_to_32 is up to date.
Compiling vhdl file "C:/Users/Lenovo/Desktop/lab1/Register_File_RF/Register_32.vhd" in Library work.
Architecture behavioral of Entity register_32 is up to date.
Compiling vhdl file "C:/Users/Lenovo/Desktop/lab1/Register_File_RF/Compare_Module.vhd" in Library work.
Architecture behavioral of Entity compare_module is up to date.
Compiling vhdl file "C:/Users/Lenovo/Desktop/lab1/Register_File_RF/MUX_32_to_1.vhd" in Library work.
Architecture behavioral of Entity mux_32_to_1 is up to date.
Compiling vhdl file "C:/Users/Lenovo/Desktop/lab1/Register_File_RF/MUX_2_to_1.vhd" in Library work.
Architecture behavioral of Entity mux_2_to_1 is up to date.
Compiling vhdl file "C:/Users/Lenovo/Desktop/lab1/Register_File_RF/Register_File_RF.vhd" in Library work.
Architecture behavioral of Entity register_file_rf is up to date.

=========================================================================
*                     Design Hierarchy Analysis                         *
=========================================================================
Analyzing hierarchy for entity <Register_File_RF> in library <work> (architecture <behavioral>).

Analyzing hierarchy for entity <Decoder_5_to_32> in library <work> (architecture <behavioral>).

Analyzing hierarchy for entity <Register_32> in library <work> (architecture <behavioral>).

Analyzing hierarchy for entity <Compare_Module> in library <work> (architecture <behavioral>).

Analyzing hierarchy for entity <MUX_32_to_1> in library <work> (architecture <behavioral>).

Analyzing hierarchy for entity <MUX_2_to_1> in library <work> (architecture <behavioral>).


=========================================================================
*                            HDL Analysis                               *
=========================================================================
Analyzing Entity <Register_File_RF> in library <work> (Architecture <behavioral>).
Entity <Register_File_RF> analyzed. Unit <Register_File_RF> generated.

Analyzing Entity <Decoder_5_to_32> in library <work> (Architecture <behavioral>).
Entity <Decoder_5_to_32> analyzed. Unit <Decoder_5_to_32> generated.

Analyzing Entity <Register_32> in library <work> (Architecture <behavioral>).
Entity <Register_32> analyzed. Unit <Register_32> generated.

Analyzing Entity <Compare_Module> in library <work> (Architecture <behavioral>).
Entity <Compare_Module> analyzed. Unit <Compare_Module> generated.

Analyzing Entity <MUX_32_to_1> in library <work> (Architecture <behavioral>).
Entity <MUX_32_to_1> analyzed. Unit <MUX_32_to_1> generated.

Analyzing Entity <MUX_2_to_1> in library <work> (Architecture <behavioral>).
INFO:Xst:1561 - "C:/Users/Lenovo/Desktop/lab1/Register_File_RF/MUX_2_to_1.vhd" line 46: Mux is complete : default of case is discarded
Entity <MUX_2_to_1> analyzed. Unit <MUX_2_to_1> generated.


=========================================================================
*                           HDL Synthesis                               *
=========================================================================

Performing bidirectional port resolution...

Synthesizing Unit <Decoder_5_to_32>.
    Related source file is "C:/Users/Lenovo/Desktop/lab1/Register_File_RF/Decoder_5_to_32.vhd".
    Found 32x32-bit ROM for signal <DecOut>.
    Summary:
	inferred   1 ROM(s).
Unit <Decoder_5_to_32> synthesized.


Synthesizing Unit <Register_32>.
    Related source file is "C:/Users/Lenovo/Desktop/lab1/Register_File_RF/Register_32.vhd".
    Found 32-bit register for signal <Dout>.
    Summary:
	inferred  32 D-type flip-flop(s).
Unit <Register_32> synthesized.


Synthesizing Unit <Compare_Module>.
    Related source file is "C:/Users/Lenovo/Desktop/lab1/Register_File_RF/Compare_Module.vhd".
    Found 5-bit comparator equal for signal <CMout$cmp_eq0000> created at line 43.
    Summary:
	inferred   1 Comparator(s).
Unit <Compare_Module> synthesized.


Synthesizing Unit <MUX_32_to_1>.
    Related source file is "C:/Users/Lenovo/Desktop/lab1/Register_File_RF/MUX_32_to_1.vhd".
    Found 32-bit 32-to-1 multiplexer for signal <outMux1>.
    Summary:
	inferred  32 Multiplexer(s).
Unit <MUX_32_to_1> synthesized.


Synthesizing Unit <MUX_2_to_1>.
    Related source file is "C:/Users/Lenovo/Desktop/lab1/Register_File_RF/MUX_2_to_1.vhd".
Unit <MUX_2_to_1> synthesized.


Synthesizing Unit <Register_File_RF>.
    Related source file is "C:/Users/Lenovo/Desktop/lab1/Register_File_RF/Register_File_RF.vhd".
WARNING:Xst:646 - Signal <decoderout<0>> is assigned but never used. This unconnected signal will be trimmed during the optimization process.
Unit <Register_File_RF> synthesized.


=========================================================================
HDL Synthesis Report

Macro Statistics
# ROMs                                                 : 1
 32x32-bit ROM                                         : 1
# Registers                                            : 32
 32-bit register                                       : 32
# Comparators                                          : 2
 5-bit comparator equal                                : 2
# Multiplexers                                         : 2
 32-bit 32-to-1 multiplexer                            : 2

=========================================================================

=========================================================================
*                       Advanced HDL Synthesis                          *
=========================================================================

WARNING:Xst:1710 - FF/Latch <Dout_31> (without init value) has a constant value of 0 in block <REG>. This FF/Latch will be trimmed during the optimization process.
WARNING:Xst:1710 - FF/Latch <Dout_30> (without init value) has a constant value of 0 in block <REG>. This FF/Latch will be trimmed during the optimization process.
WARNING:Xst:1710 - FF/Latch <Dout_29> (without init value) has a constant value of 0 in block <REG>. This FF/Latch will be trimmed during the optimization process.
WARNING:Xst:1710 - FF/Latch <Dout_28> (without init value) has a constant value of 0 in block <REG>. This FF/Latch will be trimmed during the optimization process.
WARNING:Xst:1710 - FF/Latch <Dout_27> (without init value) has a constant value of 0 in block <REG>. This FF/Latch will be trimmed during the optimization process.
WARNING:Xst:1710 - FF/Latch <Dout_26> (without init value) has a constant value of 0 in block <REG>. This FF/Latch will be trimmed during the optimization process.
WARNING:Xst:1710 - FF/Latch <Dout_25> (without init value) has a constant value of 0 in block <REG>. This FF/Latch will be trimmed during the optimization process.
WARNING:Xst:1710 - FF/Latch <Dout_24> (without init value) has a constant value of 0 in block <REG>. This FF/Latch will be trimmed during the optimization process.
WARNING:Xst:1710 - FF/Latch <Dout_23> (without init value) has a constant value of 0 in block <REG>. This FF/Latch will be trimmed during the optimization process.
WARNING:Xst:1710 - FF/Latch <Dout_22> (without init value) has a constant value of 0 in block <REG>. This FF/Latch will be trimmed during the optimization process.
WARNING:Xst:1710 - FF/Latch <Dout_21> (without init value) has a constant value of 0 in block <REG>. This FF/Latch will be trimmed during the optimization process.
WARNING:Xst:1710 - FF/Latch <Dout_20> (without init value) has a constant value of 0 in block <REG>. This FF/Latch will be trimmed during the optimization process.
WARNING:Xst:1710 - FF/Latch <Dout_19> (without init value) has a constant value of 0 in block <REG>. This FF/Latch will be trimmed during the optimization process.
WARNING:Xst:1710 - FF/Latch <Dout_18> (without init value) has a constant value of 0 in block <REG>. This FF/Latch will be trimmed during the optimization process.
WARNING:Xst:1710 - FF/Latch <Dout_17> (without init value) has a constant value of 0 in block <REG>. This FF/Latch will be trimmed during the optimization process.
WARNING:Xst:1710 - FF/Latch <Dout_16> (without init value) has a constant value of 0 in block <REG>. This FF/Latch will be trimmed during the optimization process.
WARNING:Xst:1710 - FF/Latch <Dout_15> (without init value) has a constant value of 0 in block <REG>. This FF/Latch will be trimmed during the optimization process.
WARNING:Xst:1710 - FF/Latch <Dout_14> (without init value) has a constant value of 0 in block <REG>. This FF/Latch will be trimmed during the optimization process.
WARNING:Xst:1710 - FF/Latch <Dout_13> (without init value) has a constant value of 0 in block <REG>. This FF/Latch will be trimmed during the optimization process.
WARNING:Xst:1710 - FF/Latch <Dout_12> (without init value) has a constant value of 0 in block <REG>. This FF/Latch will be trimmed during the optimization process.
WARNING:Xst:1710 - FF/Latch <Dout_11> (without init value) has a constant value of 0 in block <REG>. This FF/Latch will be trimmed during the optimization process.
WARNING:Xst:1710 - FF/Latch <Dout_10> (without init value) has a constant value of 0 in block <REG>. This FF/Latch will be trimmed during the optimization process.
WARNING:Xst:1710 - FF/Latch <Dout_9> (without init value) has a constant value of 0 in block <REG>. This FF/Latch will be trimmed during the optimization process.
WARNING:Xst:1710 - FF/Latch <Dout_8> (without init value) has a constant value of 0 in block <REG>. This FF/Latch will be trimmed during the optimization process.
WARNING:Xst:1710 - FF/Latch <Dout_7> (without init value) has a constant value of 0 in block <REG>. This FF/Latch will be trimmed during the optimization process.
WARNING:Xst:1710 - FF/Latch <Dout_6> (without init value) has a constant value of 0 in block <REG>. This FF/Latch will be trimmed during the optimization process.
WARNING:Xst:1710 - FF/Latch <Dout_5> (without init value) has a constant value of 0 in block <REG>. This FF/Latch will be trimmed during the optimization process.
WARNING:Xst:1710 - FF/Latch <Dout_4> (without init value) has a constant value of 0 in block <REG>. This FF/Latch will be trimmed during the optimization process.
WARNING:Xst:1710 - FF/Latch <Dout_3> (without init value) has a constant value of 0 in block <REG>. This FF/Latch will be trimmed during the optimization process.
WARNING:Xst:1710 - FF/Latch <Dout_2> (without init value) has a constant value of 0 in block <REG>. This FF/Latch will be trimmed during the optimization process.
WARNING:Xst:1710 - FF/Latch <Dout_1> (without init value) has a constant value of 0 in block <REG>. This FF/Latch will be trimmed during the optimization process.
WARNING:Xst:1710 - FF/Latch <Dout_0> (without init value) has a constant value of 0 in block <REG>. This FF/Latch will be trimmed during the optimization process.

=========================================================================
Advanced HDL Synthesis Report

Macro Statistics
# ROMs                                                 : 1
 32x32-bit ROM                                         : 1
# Registers                                            : 1024
 Flip-Flops                                            : 1024
# Comparators                                          : 2
 5-bit comparator equal                                : 2
# Multiplexers                                         : 2
 32-bit 32-to-1 multiplexer                            : 2

=========================================================================

=========================================================================
*                         Low Level Synthesis                           *
=========================================================================

ERROR:Xst:528 - Multi-source in Unit <Register_File_RF> on signal <outR1<31>>; this signal is connected to multiple drivers.
Drivers are: 
   Output signal of FDE instance <REG_generate[31].REGI/Dout_31>
   Output signal of FDE instance <REG_generate[30].REGI/Dout_31>
   Output signal of FDE instance <REG_generate[29].REGI/Dout_31>
   Output signal of FDE instance <REG_generate[28].REGI/Dout_31>
   Output signal of FDE instance <REG_generate[27].REGI/Dout_31>
   Output signal of FDE instance <REG_generate[26].REGI/Dout_31>
   Output signal of FDE instance <REG_generate[25].REGI/Dout_31>
   Output signal of FDE instance <REG_generate[24].REGI/Dout_31>
   Output signal of FDE instance <REG_generate[23].REGI/Dout_31>
   Output signal of FDE instance <REG_generate[22].REGI/Dout_31>
   Output signal of FDE instance <REG_generate[21].REGI/Dout_31>
   Output signal of FDE instance <REG_generate[20].REGI/Dout_31>
   Output signal of FDE instance <REG_generate[19].REGI/Dout_31>
   Output signal of FDE instance <REG_generate[18].REGI/Dout_31>
   Output signal of FDE instance <REG_generate[17].REGI/Dout_31>
   Output signal of FDE instance <REG_generate[16].REGI/Dout_31>
   Output signal of FDE instance <REG_generate[15].REGI/Dout_31>
   Output signal of FDE instance <REG_generate[14].REGI/Dout_31>
   Output signal of FDE instance <REG_generate[13].REGI/Dout_31>
   Output signal of FDE instance <REG_generate[12].REGI/Dout_31>
   Output signal of FDE instance <REG_generate[11].REGI/Dout_31>
   Output signal of FDE instance <REG_generate[10].REGI/Dout_31>
   Output signal of FDE instance <REG_generate[9].REGI/Dout_31>
   Output signal of FDE instance <REG_generate[8].REGI/Dout_31>
   Output signal of FDE instance <REG_generate[7].REGI/Dout_31>
   Output signal of FDE instance <REG_generate[6].REGI/Dout_31>
   Output signal of FDE instance <REG_generate[5].REGI/Dout_31>
   Output signal of FDE instance <REG_generate[4].REGI/Dout_31>
   Output signal of FDE instance <REG_generate[3].REGI/Dout_31>
   Output signal of FDE instance <REG_generate[2].REGI/Dout_31>
   Output signal of FDE instance <REG_generate[1].REGI/Dout_31>

ERROR:Xst:528 - Multi-source in Unit <Register_File_RF> on signal <outR1<30>>; this signal is connected to multiple drivers.
Drivers are: 
   Output signal of FDE instance <REG_generate[31].REGI/Dout_30>
   Output signal of FDE instance <REG_generate[30].REGI/Dout_30>
   Output signal of FDE instance <REG_generate[29].REGI/Dout_30>
   Output signal of FDE instance <REG_generate[28].REGI/Dout_30>
   Output signal of FDE instance <REG_generate[27].REGI/Dout_30>
   Output signal of FDE instance <REG_generate[26].REGI/Dout_30>
   Output signal of FDE instance <REG_generate[25].REGI/Dout_30>
   Output signal of FDE instance <REG_generate[24].REGI/Dout_30>
   Output signal of FDE instance <REG_generate[23].REGI/Dout_30>
   Output signal of FDE instance <REG_generate[22].REGI/Dout_30>
   Output signal of FDE instance <REG_generate[21].REGI/Dout_30>
   Output signal of FDE instance <REG_generate[20].REGI/Dout_30>
   Output signal of FDE instance <REG_generate[19].REGI/Dout_30>
   Output signal of FDE instance <REG_generate[18].REGI/Dout_30>
   Output signal of FDE instance <REG_generate[17].REGI/Dout_30>
   Output signal of FDE instance <REG_generate[16].REGI/Dout_30>
   Output signal of FDE instance <REG_generate[15].REGI/Dout_30>
   Output signal of FDE instance <REG_generate[14].REGI/Dout_30>
   Output signal of FDE instance <REG_generate[13].REGI/Dout_30>
   Output signal of FDE instance <REG_generate[12].REGI/Dout_30>
   Output signal of FDE instance <REG_generate[11].REGI/Dout_30>
   Output signal of FDE instance <REG_generate[10].REGI/Dout_30>
   Output signal of FDE instance <REG_generate[9].REGI/Dout_30>
   Output signal of FDE instance <REG_generate[8].REGI/Dout_30>
   Output signal of FDE instance <REG_generate[7].REGI/Dout_30>
   Output signal of FDE instance <REG_generate[6].REGI/Dout_30>
   Output signal of FDE instance <REG_generate[5].REGI/Dout_30>
   Output signal of FDE instance <REG_generate[4].REGI/Dout_30>
   Output signal of FDE instance <REG_generate[3].REGI/Dout_30>
   Output signal of FDE instance <REG_generate[2].REGI/Dout_30>
   Output signal of FDE instance <REG_generate[1].REGI/Dout_30>

ERROR:Xst:528 - Multi-source in Unit <Register_File_RF> on signal <outR1<29>>; this signal is connected to multiple drivers.
Drivers are: 
   Output signal of FDE instance <REG_generate[31].REGI/Dout_29>
   Output signal of FDE instance <REG_generate[30].REGI/Dout_29>
   Output signal of FDE instance <REG_generate[29].REGI/Dout_29>
   Output signal of FDE instance <REG_generate[28].REGI/Dout_29>
   Output signal of FDE instance <REG_generate[27].REGI/Dout_29>
   Output signal of FDE instance <REG_generate[26].REGI/Dout_29>
   Output signal of FDE instance <REG_generate[25].REGI/Dout_29>
   Output signal of FDE instance <REG_generate[24].REGI/Dout_29>
   Output signal of FDE instance <REG_generate[23].REGI/Dout_29>
   Output signal of FDE instance <REG_generate[22].REGI/Dout_29>
   Output signal of FDE instance <REG_generate[21].REGI/Dout_29>
   Output signal of FDE instance <REG_generate[20].REGI/Dout_29>
   Output signal of FDE instance <REG_generate[19].REGI/Dout_29>
   Output signal of FDE instance <REG_generate[18].REGI/Dout_29>
   Output signal of FDE instance <REG_generate[17].REGI/Dout_29>
   Output signal of FDE instance <REG_generate[16].REGI/Dout_29>
   Output signal of FDE instance <REG_generate[15].REGI/Dout_29>
   Output signal of FDE instance <REG_generate[14].REGI/Dout_29>
   Output signal of FDE instance <REG_generate[13].REGI/Dout_29>
   Output signal of FDE instance <REG_generate[12].REGI/Dout_29>
   Output signal of FDE instance <REG_generate[11].REGI/Dout_29>
   Output signal of FDE instance <REG_generate[10].REGI/Dout_29>
   Output signal of FDE instance <REG_generate[9].REGI/Dout_29>
   Output signal of FDE instance <REG_generate[8].REGI/Dout_29>
   Output signal of FDE instance <REG_generate[7].REGI/Dout_29>
   Output signal of FDE instance <REG_generate[6].REGI/Dout_29>
   Output signal of FDE instance <REG_generate[5].REGI/Dout_29>
   Output signal of FDE instance <REG_generate[4].REGI/Dout_29>
   Output signal of FDE instance <REG_generate[3].REGI/Dout_29>
   Output signal of FDE instance <REG_generate[2].REGI/Dout_29>
   Output signal of FDE instance <REG_generate[1].REGI/Dout_29>

ERROR:Xst:528 - Multi-source in Unit <Register_File_RF> on signal <outR1<28>>; this signal is connected to multiple drivers.
Drivers are: 
   Output signal of FDE instance <REG_generate[31].REGI/Dout_28>
   Output signal of FDE instance <REG_generate[30].REGI/Dout_28>
   Output signal of FDE instance <REG_generate[29].REGI/Dout_28>
   Output signal of FDE instance <REG_generate[28].REGI/Dout_28>
   Output signal of FDE instance <REG_generate[27].REGI/Dout_28>
   Output signal of FDE instance <REG_generate[26].REGI/Dout_28>
   Output signal of FDE instance <REG_generate[25].REGI/Dout_28>
   Output signal of FDE instance <REG_generate[24].REGI/Dout_28>
   Output signal of FDE instance <REG_generate[23].REGI/Dout_28>
   Output signal of FDE instance <REG_generate[22].REGI/Dout_28>
   Output signal of FDE instance <REG_generate[21].REGI/Dout_28>
   Output signal of FDE instance <REG_generate[20].REGI/Dout_28>
   Output signal of FDE instance <REG_generate[19].REGI/Dout_28>
   Output signal of FDE instance <REG_generate[18].REGI/Dout_28>
   Output signal of FDE instance <REG_generate[17].REGI/Dout_28>
   Output signal of FDE instance <REG_generate[16].REGI/Dout_28>
   Output signal of FDE instance <REG_generate[15].REGI/Dout_28>
   Output signal of FDE instance <REG_generate[14].REGI/Dout_28>
   Output signal of FDE instance <REG_generate[13].REGI/Dout_28>
   Output signal of FDE instance <REG_generate[12].REGI/Dout_28>
   Output signal of FDE instance <REG_generate[11].REGI/Dout_28>
   Output signal of FDE instance <REG_generate[10].REGI/Dout_28>
   Output signal of FDE instance <REG_generate[9].REGI/Dout_28>
   Output signal of FDE instance <REG_generate[8].REGI/Dout_28>
   Output signal of FDE instance <REG_generate[7].REGI/Dout_28>
   Output signal of FDE instance <REG_generate[6].REGI/Dout_28>
   Output signal of FDE instance <REG_generate[5].REGI/Dout_28>
   Output signal of FDE instance <REG_generate[4].REGI/Dout_28>
   Output signal of FDE instance <REG_generate[3].REGI/Dout_28>
   Output signal of FDE instance <REG_generate[2].REGI/Dout_28>
   Output signal of FDE instance <REG_generate[1].REGI/Dout_28>

ERROR:Xst:528 - Multi-source in Unit <Register_File_RF> on signal <outR1<27>>; this signal is connected to multiple drivers.
Drivers are: 
   Output signal of FDE instance <REG_generate[31].REGI/Dout_27>
   Output signal of FDE instance <REG_generate[30].REGI/Dout_27>
   Output signal of FDE instance <REG_generate[29].REGI/Dout_27>
   Output signal of FDE instance <REG_generate[28].REGI/Dout_27>
   Output signal of FDE instance <REG_generate[27].REGI/Dout_27>
   Output signal of FDE instance <REG_generate[26].REGI/Dout_27>
   Output signal of FDE instance <REG_generate[25].REGI/Dout_27>
   Output signal of FDE instance <REG_generate[24].REGI/Dout_27>
   Output signal of FDE instance <REG_generate[23].REGI/Dout_27>
   Output signal of FDE instance <REG_generate[22].REGI/Dout_27>
   Output signal of FDE instance <REG_generate[21].REGI/Dout_27>
   Output signal of FDE instance <REG_generate[20].REGI/Dout_27>
   Output signal of FDE instance <REG_generate[19].REGI/Dout_27>
   Output signal of FDE instance <REG_generate[18].REGI/Dout_27>
   Output signal of FDE instance <REG_generate[17].REGI/Dout_27>
   Output signal of FDE instance <REG_generate[16].REGI/Dout_27>
   Output signal of FDE instance <REG_generate[15].REGI/Dout_27>
   Output signal of FDE instance <REG_generate[14].REGI/Dout_27>
   Output signal of FDE instance <REG_generate[13].REGI/Dout_27>
   Output signal of FDE instance <REG_generate[12].REGI/Dout_27>
   Output signal of FDE instance <REG_generate[11].REGI/Dout_27>
   Output signal of FDE instance <REG_generate[10].REGI/Dout_27>
   Output signal of FDE instance <REG_generate[9].REGI/Dout_27>
   Output signal of FDE instance <REG_generate[8].REGI/Dout_27>
   Output signal of FDE instance <REG_generate[7].REGI/Dout_27>
   Output signal of FDE instance <REG_generate[6].REGI/Dout_27>
   Output signal of FDE instance <REG_generate[5].REGI/Dout_27>
   Output signal of FDE instance <REG_generate[4].REGI/Dout_27>
   Output signal of FDE instance <REG_generate[3].REGI/Dout_27>
   Output signal of FDE instance <REG_generate[2].REGI/Dout_27>
   Output signal of FDE instance <REG_generate[1].REGI/Dout_27>

ERROR:Xst:528 - Multi-source in Unit <Register_File_RF> on signal <outR1<26>>; this signal is connected to multiple drivers.
Drivers are: 
   Output signal of FDE instance <REG_generate[31].REGI/Dout_26>
   Output signal of FDE instance <REG_generate[30].REGI/Dout_26>
   Output signal of FDE instance <REG_generate[29].REGI/Dout_26>
   Output signal of FDE instance <REG_generate[28].REGI/Dout_26>
   Output signal of FDE instance <REG_generate[27].REGI/Dout_26>
   Output signal of FDE instance <REG_generate[26].REGI/Dout_26>
   Output signal of FDE instance <REG_generate[25].REGI/Dout_26>
   Output signal of FDE instance <REG_generate[24].REGI/Dout_26>
   Output signal of FDE instance <REG_generate[23].REGI/Dout_26>
   Output signal of FDE instance <REG_generate[22].REGI/Dout_26>
   Output signal of FDE instance <REG_generate[21].REGI/Dout_26>
   Output signal of FDE instance <REG_generate[20].REGI/Dout_26>
   Output signal of FDE instance <REG_generate[19].REGI/Dout_26>
   Output signal of FDE instance <REG_generate[18].REGI/Dout_26>
   Output signal of FDE instance <REG_generate[17].REGI/Dout_26>
   Output signal of FDE instance <REG_generate[16].REGI/Dout_26>
   Output signal of FDE instance <REG_generate[15].REGI/Dout_26>
   Output signal of FDE instance <REG_generate[14].REGI/Dout_26>
   Output signal of FDE instance <REG_generate[13].REGI/Dout_26>
   Output signal of FDE instance <REG_generate[12].REGI/Dout_26>
   Output signal of FDE instance <REG_generate[11].REGI/Dout_26>
   Output signal of FDE instance <REG_generate[10].REGI/Dout_26>
   Output signal of FDE instance <REG_generate[9].REGI/Dout_26>
   Output signal of FDE instance <REG_generate[8].REGI/Dout_26>
   Output signal of FDE instance <REG_generate[7].REGI/Dout_26>
   Output signal of FDE instance <REG_generate[6].REGI/Dout_26>
   Output signal of FDE instance <REG_generate[5].REGI/Dout_26>
   Output signal of FDE instance <REG_generate[4].REGI/Dout_26>
   Output signal of FDE instance <REG_generate[3].REGI/Dout_26>
   Output signal of FDE instance <REG_generate[2].REGI/Dout_26>
   Output signal of FDE instance <REG_generate[1].REGI/Dout_26>

ERROR:Xst:528 - Multi-source in Unit <Register_File_RF> on signal <outR1<25>>; this signal is connected to multiple drivers.
Drivers are: 
   Output signal of FDE instance <REG_generate[31].REGI/Dout_25>
   Output signal of FDE instance <REG_generate[30].REGI/Dout_25>
   Output signal of FDE instance <REG_generate[29].REGI/Dout_25>
   Output signal of FDE instance <REG_generate[28].REGI/Dout_25>
   Output signal of FDE instance <REG_generate[27].REGI/Dout_25>
   Output signal of FDE instance <REG_generate[26].REGI/Dout_25>
   Output signal of FDE instance <REG_generate[25].REGI/Dout_25>
   Output signal of FDE instance <REG_generate[24].REGI/Dout_25>
   Output signal of FDE instance <REG_generate[23].REGI/Dout_25>
   Output signal of FDE instance <REG_generate[22].REGI/Dout_25>
   Output signal of FDE instance <REG_generate[21].REGI/Dout_25>
   Output signal of FDE instance <REG_generate[20].REGI/Dout_25>
   Output signal of FDE instance <REG_generate[19].REGI/Dout_25>
   Output signal of FDE instance <REG_generate[18].REGI/Dout_25>
   Output signal of FDE instance <REG_generate[17].REGI/Dout_25>
   Output signal of FDE instance <REG_generate[16].REGI/Dout_25>
   Output signal of FDE instance <REG_generate[15].REGI/Dout_25>
   Output signal of FDE instance <REG_generate[14].REGI/Dout_25>
   Output signal of FDE instance <REG_generate[13].REGI/Dout_25>
   Output signal of FDE instance <REG_generate[12].REGI/Dout_25>
   Output signal of FDE instance <REG_generate[11].REGI/Dout_25>
   Output signal of FDE instance <REG_generate[10].REGI/Dout_25>
   Output signal of FDE instance <REG_generate[9].REGI/Dout_25>
   Output signal of FDE instance <REG_generate[8].REGI/Dout_25>
   Output signal of FDE instance <REG_generate[7].REGI/Dout_25>
   Output signal of FDE instance <REG_generate[6].REGI/Dout_25>
   Output signal of FDE instance <REG_generate[5].REGI/Dout_25>
   Output signal of FDE instance <REG_generate[4].REGI/Dout_25>
   Output signal of FDE instance <REG_generate[3].REGI/Dout_25>
   Output signal of FDE instance <REG_generate[2].REGI/Dout_25>
   Output signal of FDE instance <REG_generate[1].REGI/Dout_25>

ERROR:Xst:528 - Multi-source in Unit <Register_File_RF> on signal <outR1<24>>; this signal is connected to multiple drivers.
Drivers are: 
   Output signal of FDE instance <REG_generate[31].REGI/Dout_24>
   Output signal of FDE instance <REG_generate[30].REGI/Dout_24>
   Output signal of FDE instance <REG_generate[29].REGI/Dout_24>
   Output signal of FDE instance <REG_generate[28].REGI/Dout_24>
   Output signal of FDE instance <REG_generate[27].REGI/Dout_24>
   Output signal of FDE instance <REG_generate[26].REGI/Dout_24>
   Output signal of FDE instance <REG_generate[25].REGI/Dout_24>
   Output signal of FDE instance <REG_generate[24].REGI/Dout_24>
   Output signal of FDE instance <REG_generate[23].REGI/Dout_24>
   Output signal of FDE instance <REG_generate[22].REGI/Dout_24>
   Output signal of FDE instance <REG_generate[21].REGI/Dout_24>
   Output signal of FDE instance <REG_generate[20].REGI/Dout_24>
   Output signal of FDE instance <REG_generate[19].REGI/Dout_24>
   Output signal of FDE instance <REG_generate[18].REGI/Dout_24>
   Output signal of FDE instance <REG_generate[17].REGI/Dout_24>
   Output signal of FDE instance <REG_generate[16].REGI/Dout_24>
   Output signal of FDE instance <REG_generate[15].REGI/Dout_24>
   Output signal of FDE instance <REG_generate[14].REGI/Dout_24>
   Output signal of FDE instance <REG_generate[13].REGI/Dout_24>
   Output signal of FDE instance <REG_generate[12].REGI/Dout_24>
   Output signal of FDE instance <REG_generate[11].REGI/Dout_24>
   Output signal of FDE instance <REG_generate[10].REGI/Dout_24>
   Output signal of FDE instance <REG_generate[9].REGI/Dout_24>
   Output signal of FDE instance <REG_generate[8].REGI/Dout_24>
   Output signal of FDE instance <REG_generate[7].REGI/Dout_24>
   Output signal of FDE instance <REG_generate[6].REGI/Dout_24>
   Output signal of FDE instance <REG_generate[5].REGI/Dout_24>
   Output signal of FDE instance <REG_generate[4].REGI/Dout_24>
   Output signal of FDE instance <REG_generate[3].REGI/Dout_24>
   Output signal of FDE instance <REG_generate[2].REGI/Dout_24>
   Output signal of FDE instance <REG_generate[1].REGI/Dout_24>

ERROR:Xst:528 - Multi-source in Unit <Register_File_RF> on signal <outR1<23>>; this signal is connected to multiple drivers.
Drivers are: 
   Output signal of FDE instance <REG_generate[31].REGI/Dout_23>
   Output signal of FDE instance <REG_generate[30].REGI/Dout_23>
   Output signal of FDE instance <REG_generate[29].REGI/Dout_23>
   Output signal of FDE instance <REG_generate[28].REGI/Dout_23>
   Output signal of FDE instance <REG_generate[27].REGI/Dout_23>
   Output signal of FDE instance <REG_generate[26].REGI/Dout_23>
   Output signal of FDE instance <REG_generate[25].REGI/Dout_23>
   Output signal of FDE instance <REG_generate[24].REGI/Dout_23>
   Output signal of FDE instance <REG_generate[23].REGI/Dout_23>
   Output signal of FDE instance <REG_generate[22].REGI/Dout_23>
   Output signal of FDE instance <REG_generate[21].REGI/Dout_23>
   Output signal of FDE instance <REG_generate[20].REGI/Dout_23>
   Output signal of FDE instance <REG_generate[19].REGI/Dout_23>
   Output signal of FDE instance <REG_generate[18].REGI/Dout_23>
   Output signal of FDE instance <REG_generate[17].REGI/Dout_23>
   Output signal of FDE instance <REG_generate[16].REGI/Dout_23>
   Output signal of FDE instance <REG_generate[15].REGI/Dout_23>
   Output signal of FDE instance <REG_generate[14].REGI/Dout_23>
   Output signal of FDE instance <REG_generate[13].REGI/Dout_23>
   Output signal of FDE instance <REG_generate[12].REGI/Dout_23>
   Output signal of FDE instance <REG_generate[11].REGI/Dout_23>
   Output signal of FDE instance <REG_generate[10].REGI/Dout_23>
   Output signal of FDE instance <REG_generate[9].REGI/Dout_23>
   Output signal of FDE instance <REG_generate[8].REGI/Dout_23>
   Output signal of FDE instance <REG_generate[7].REGI/Dout_23>
   Output signal of FDE instance <REG_generate[6].REGI/Dout_23>
   Output signal of FDE instance <REG_generate[5].REGI/Dout_23>
   Output signal of FDE instance <REG_generate[4].REGI/Dout_23>
   Output signal of FDE instance <REG_generate[3].REGI/Dout_23>
   Output signal of FDE instance <REG_generate[2].REGI/Dout_23>
   Output signal of FDE instance <REG_generate[1].REGI/Dout_23>

ERROR:Xst:528 - Multi-source in Unit <Register_File_RF> on signal <outR1<22>>; this signal is connected to multiple drivers.
Drivers are: 
   Output signal of FDE instance <REG_generate[31].REGI/Dout_22>
   Output signal of FDE instance <REG_generate[30].REGI/Dout_22>
   Output signal of FDE instance <REG_generate[29].REGI/Dout_22>
   Output signal of FDE instance <REG_generate[28].REGI/Dout_22>
   Output signal of FDE instance <REG_generate[27].REGI/Dout_22>
   Output signal of FDE instance <REG_generate[26].REGI/Dout_22>
   Output signal of FDE instance <REG_generate[25].REGI/Dout_22>
   Output signal of FDE instance <REG_generate[24].REGI/Dout_22>
   Output signal of FDE instance <REG_generate[23].REGI/Dout_22>
   Output signal of FDE instance <REG_generate[22].REGI/Dout_22>
   Output signal of FDE instance <REG_generate[21].REGI/Dout_22>
   Output signal of FDE instance <REG_generate[20].REGI/Dout_22>
   Output signal of FDE instance <REG_generate[19].REGI/Dout_22>
   Output signal of FDE instance <REG_generate[18].REGI/Dout_22>
   Output signal of FDE instance <REG_generate[17].REGI/Dout_22>
   Output signal of FDE instance <REG_generate[16].REGI/Dout_22>
   Output signal of FDE instance <REG_generate[15].REGI/Dout_22>
   Output signal of FDE instance <REG_generate[14].REGI/Dout_22>
   Output signal of FDE instance <REG_generate[13].REGI/Dout_22>
   Output signal of FDE instance <REG_generate[12].REGI/Dout_22>
   Output signal of FDE instance <REG_generate[11].REGI/Dout_22>
   Output signal of FDE instance <REG_generate[10].REGI/Dout_22>
   Output signal of FDE instance <REG_generate[9].REGI/Dout_22>
   Output signal of FDE instance <REG_generate[8].REGI/Dout_22>
   Output signal of FDE instance <REG_generate[7].REGI/Dout_22>
   Output signal of FDE instance <REG_generate[6].REGI/Dout_22>
   Output signal of FDE instance <REG_generate[5].REGI/Dout_22>
   Output signal of FDE instance <REG_generate[4].REGI/Dout_22>
   Output signal of FDE instance <REG_generate[3].REGI/Dout_22>
   Output signal of FDE instance <REG_generate[2].REGI/Dout_22>
   Output signal of FDE instance <REG_generate[1].REGI/Dout_22>

ERROR:Xst:528 - Multi-source in Unit <Register_File_RF> on signal <outR1<21>>; this signal is connected to multiple drivers.
Drivers are: 
   Output signal of FDE instance <REG_generate[31].REGI/Dout_21>
   Output signal of FDE instance <REG_generate[30].REGI/Dout_21>
   Output signal of FDE instance <REG_generate[29].REGI/Dout_21>
   Output signal of FDE instance <REG_generate[28].REGI/Dout_21>
   Output signal of FDE instance <REG_generate[27].REGI/Dout_21>
   Output signal of FDE instance <REG_generate[26].REGI/Dout_21>
   Output signal of FDE instance <REG_generate[25].REGI/Dout_21>
   Output signal of FDE instance <REG_generate[24].REGI/Dout_21>
   Output signal of FDE instance <REG_generate[23].REGI/Dout_21>
   Output signal of FDE instance <REG_generate[22].REGI/Dout_21>
   Output signal of FDE instance <REG_generate[21].REGI/Dout_21>
   Output signal of FDE instance <REG_generate[20].REGI/Dout_21>
   Output signal of FDE instance <REG_generate[19].REGI/Dout_21>
   Output signal of FDE instance <REG_generate[18].REGI/Dout_21>
   Output signal of FDE instance <REG_generate[17].REGI/Dout_21>
   Output signal of FDE instance <REG_generate[16].REGI/Dout_21>
   Output signal of FDE instance <REG_generate[15].REGI/Dout_21>
   Output signal of FDE instance <REG_generate[14].REGI/Dout_21>
   Output signal of FDE instance <REG_generate[13].REGI/Dout_21>
   Output signal of FDE instance <REG_generate[12].REGI/Dout_21>
   Output signal of FDE instance <REG_generate[11].REGI/Dout_21>
   Output signal of FDE instance <REG_generate[10].REGI/Dout_21>
   Output signal of FDE instance <REG_generate[9].REGI/Dout_21>
   Output signal of FDE instance <REG_generate[8].REGI/Dout_21>
   Output signal of FDE instance <REG_generate[7].REGI/Dout_21>
   Output signal of FDE instance <REG_generate[6].REGI/Dout_21>
   Output signal of FDE instance <REG_generate[5].REGI/Dout_21>
   Output signal of FDE instance <REG_generate[4].REGI/Dout_21>
   Output signal of FDE instance <REG_generate[3].REGI/Dout_21>
   Output signal of FDE instance <REG_generate[2].REGI/Dout_21>
   Output signal of FDE instance <REG_generate[1].REGI/Dout_21>

ERROR:Xst:528 - Multi-source in Unit <Register_File_RF> on signal <outR1<20>>; this signal is connected to multiple drivers.
Drivers are: 
   Output signal of FDE instance <REG_generate[31].REGI/Dout_20>
   Output signal of FDE instance <REG_generate[30].REGI/Dout_20>
   Output signal of FDE instance <REG_generate[29].REGI/Dout_20>
   Output signal of FDE instance <REG_generate[28].REGI/Dout_20>
   Output signal of FDE instance <REG_generate[27].REGI/Dout_20>
   Output signal of FDE instance <REG_generate[26].REGI/Dout_20>
   Output signal of FDE instance <REG_generate[25].REGI/Dout_20>
   Output signal of FDE instance <REG_generate[24].REGI/Dout_20>
   Output signal of FDE instance <REG_generate[23].REGI/Dout_20>
   Output signal of FDE instance <REG_generate[22].REGI/Dout_20>
   Output signal of FDE instance <REG_generate[21].REGI/Dout_20>
   Output signal of FDE instance <REG_generate[20].REGI/Dout_20>
   Output signal of FDE instance <REG_generate[19].REGI/Dout_20>
   Output signal of FDE instance <REG_generate[18].REGI/Dout_20>
   Output signal of FDE instance <REG_generate[17].REGI/Dout_20>
   Output signal of FDE instance <REG_generate[16].REGI/Dout_20>
   Output signal of FDE instance <REG_generate[15].REGI/Dout_20>
   Output signal of FDE instance <REG_generate[14].REGI/Dout_20>
   Output signal of FDE instance <REG_generate[13].REGI/Dout_20>
   Output signal of FDE instance <REG_generate[12].REGI/Dout_20>
   Output signal of FDE instance <REG_generate[11].REGI/Dout_20>
   Output signal of FDE instance <REG_generate[10].REGI/Dout_20>
   Output signal of FDE instance <REG_generate[9].REGI/Dout_20>
   Output signal of FDE instance <REG_generate[8].REGI/Dout_20>
   Output signal of FDE instance <REG_generate[7].REGI/Dout_20>
   Output signal of FDE instance <REG_generate[6].REGI/Dout_20>
   Output signal of FDE instance <REG_generate[5].REGI/Dout_20>
   Output signal of FDE instance <REG_generate[4].REGI/Dout_20>
   Output signal of FDE instance <REG_generate[3].REGI/Dout_20>
   Output signal of FDE instance <REG_generate[2].REGI/Dout_20>
   Output signal of FDE instance <REG_generate[1].REGI/Dout_20>

ERROR:Xst:528 - Multi-source in Unit <Register_File_RF> on signal <outR1<19>>; this signal is connected to multiple drivers.
Drivers are: 
   Output signal of FDE instance <REG_generate[31].REGI/Dout_19>
   Output signal of FDE instance <REG_generate[30].REGI/Dout_19>
   Output signal of FDE instance <REG_generate[29].REGI/Dout_19>
   Output signal of FDE instance <REG_generate[28].REGI/Dout_19>
   Output signal of FDE instance <REG_generate[27].REGI/Dout_19>
   Output signal of FDE instance <REG_generate[26].REGI/Dout_19>
   Output signal of FDE instance <REG_generate[25].REGI/Dout_19>
   Output signal of FDE instance <REG_generate[24].REGI/Dout_19>
   Output signal of FDE instance <REG_generate[23].REGI/Dout_19>
   Output signal of FDE instance <REG_generate[22].REGI/Dout_19>
   Output signal of FDE instance <REG_generate[21].REGI/Dout_19>
   Output signal of FDE instance <REG_generate[20].REGI/Dout_19>
   Output signal of FDE instance <REG_generate[19].REGI/Dout_19>
   Output signal of FDE instance <REG_generate[18].REGI/Dout_19>
   Output signal of FDE instance <REG_generate[17].REGI/Dout_19>
   Output signal of FDE instance <REG_generate[16].REGI/Dout_19>
   Output signal of FDE instance <REG_generate[15].REGI/Dout_19>
   Output signal of FDE instance <REG_generate[14].REGI/Dout_19>
   Output signal of FDE instance <REG_generate[13].REGI/Dout_19>
   Output signal of FDE instance <REG_generate[12].REGI/Dout_19>
   Output signal of FDE instance <REG_generate[11].REGI/Dout_19>
   Output signal of FDE instance <REG_generate[10].REGI/Dout_19>
   Output signal of FDE instance <REG_generate[9].REGI/Dout_19>
   Output signal of FDE instance <REG_generate[8].REGI/Dout_19>
   Output signal of FDE instance <REG_generate[7].REGI/Dout_19>
   Output signal of FDE instance <REG_generate[6].REGI/Dout_19>
   Output signal of FDE instance <REG_generate[5].REGI/Dout_19>
   Output signal of FDE instance <REG_generate[4].REGI/Dout_19>
   Output signal of FDE instance <REG_generate[3].REGI/Dout_19>
   Output signal of FDE instance <REG_generate[2].REGI/Dout_19>
   Output signal of FDE instance <REG_generate[1].REGI/Dout_19>

ERROR:Xst:528 - Multi-source in Unit <Register_File_RF> on signal <outR1<18>>; this signal is connected to multiple drivers.
Drivers are: 
   Output signal of FDE instance <REG_generate[31].REGI/Dout_18>
   Output signal of FDE instance <REG_generate[30].REGI/Dout_18>
   Output signal of FDE instance <REG_generate[29].REGI/Dout_18>
   Output signal of FDE instance <REG_generate[28].REGI/Dout_18>
   Output signal of FDE instance <REG_generate[27].REGI/Dout_18>
   Output signal of FDE instance <REG_generate[26].REGI/Dout_18>
   Output signal of FDE instance <REG_generate[25].REGI/Dout_18>
   Output signal of FDE instance <REG_generate[24].REGI/Dout_18>
   Output signal of FDE instance <REG_generate[23].REGI/Dout_18>
   Output signal of FDE instance <REG_generate[22].REGI/Dout_18>
   Output signal of FDE instance <REG_generate[21].REGI/Dout_18>
   Output signal of FDE instance <REG_generate[20].REGI/Dout_18>
   Output signal of FDE instance <REG_generate[19].REGI/Dout_18>
   Output signal of FDE instance <REG_generate[18].REGI/Dout_18>
   Output signal of FDE instance <REG_generate[17].REGI/Dout_18>
   Output signal of FDE instance <REG_generate[16].REGI/Dout_18>
   Output signal of FDE instance <REG_generate[15].REGI/Dout_18>
   Output signal of FDE instance <REG_generate[14].REGI/Dout_18>
   Output signal of FDE instance <REG_generate[13].REGI/Dout_18>
   Output signal of FDE instance <REG_generate[12].REGI/Dout_18>
   Output signal of FDE instance <REG_generate[11].REGI/Dout_18>
   Output signal of FDE instance <REG_generate[10].REGI/Dout_18>
   Output signal of FDE instance <REG_generate[9].REGI/Dout_18>
   Output signal of FDE instance <REG_generate[8].REGI/Dout_18>
   Output signal of FDE instance <REG_generate[7].REGI/Dout_18>
   Output signal of FDE instance <REG_generate[6].REGI/Dout_18>
   Output signal of FDE instance <REG_generate[5].REGI/Dout_18>
   Output signal of FDE instance <REG_generate[4].REGI/Dout_18>
   Output signal of FDE instance <REG_generate[3].REGI/Dout_18>
   Output signal of FDE instance <REG_generate[2].REGI/Dout_18>
   Output signal of FDE instance <REG_generate[1].REGI/Dout_18>

ERROR:Xst:528 - Multi-source in Unit <Register_File_RF> on signal <outR1<17>>; this signal is connected to multiple drivers.
Drivers are: 
   Output signal of FDE instance <REG_generate[31].REGI/Dout_17>
   Output signal of FDE instance <REG_generate[30].REGI/Dout_17>
   Output signal of FDE instance <REG_generate[29].REGI/Dout_17>
   Output signal of FDE instance <REG_generate[28].REGI/Dout_17>
   Output signal of FDE instance <REG_generate[27].REGI/Dout_17>
   Output signal of FDE instance <REG_generate[26].REGI/Dout_17>
   Output signal of FDE instance <REG_generate[25].REGI/Dout_17>
   Output signal of FDE instance <REG_generate[24].REGI/Dout_17>
   Output signal of FDE instance <REG_generate[23].REGI/Dout_17>
   Output signal of FDE instance <REG_generate[22].REGI/Dout_17>
   Output signal of FDE instance <REG_generate[21].REGI/Dout_17>
   Output signal of FDE instance <REG_generate[20].REGI/Dout_17>
   Output signal of FDE instance <REG_generate[19].REGI/Dout_17>
   Output signal of FDE instance <REG_generate[18].REGI/Dout_17>
   Output signal of FDE instance <REG_generate[17].REGI/Dout_17>
   Output signal of FDE instance <REG_generate[16].REGI/Dout_17>
   Output signal of FDE instance <REG_generate[15].REGI/Dout_17>
   Output signal of FDE instance <REG_generate[14].REGI/Dout_17>
   Output signal of FDE instance <REG_generate[13].REGI/Dout_17>
   Output signal of FDE instance <REG_generate[12].REGI/Dout_17>
   Output signal of FDE instance <REG_generate[11].REGI/Dout_17>
   Output signal of FDE instance <REG_generate[10].REGI/Dout_17>
   Output signal of FDE instance <REG_generate[9].REGI/Dout_17>
   Output signal of FDE instance <REG_generate[8].REGI/Dout_17>
   Output signal of FDE instance <REG_generate[7].REGI/Dout_17>
   Output signal of FDE instance <REG_generate[6].REGI/Dout_17>
   Output signal of FDE instance <REG_generate[5].REGI/Dout_17>
   Output signal of FDE instance <REG_generate[4].REGI/Dout_17>
   Output signal of FDE instance <REG_generate[3].REGI/Dout_17>
   Output signal of FDE instance <REG_generate[2].REGI/Dout_17>
   Output signal of FDE instance <REG_generate[1].REGI/Dout_17>

ERROR:Xst:528 - Multi-source in Unit <Register_File_RF> on signal <outR1<16>>; this signal is connected to multiple drivers.
Drivers are: 
   Output signal of FDE instance <REG_generate[31].REGI/Dout_16>
   Output signal of FDE instance <REG_generate[30].REGI/Dout_16>
   Output signal of FDE instance <REG_generate[29].REGI/Dout_16>
   Output signal of FDE instance <REG_generate[28].REGI/Dout_16>
   Output signal of FDE instance <REG_generate[27].REGI/Dout_16>
   Output signal of FDE instance <REG_generate[26].REGI/Dout_16>
   Output signal of FDE instance <REG_generate[25].REGI/Dout_16>
   Output signal of FDE instance <REG_generate[24].REGI/Dout_16>
   Output signal of FDE instance <REG_generate[23].REGI/Dout_16>
   Output signal of FDE instance <REG_generate[22].REGI/Dout_16>
   Output signal of FDE instance <REG_generate[21].REGI/Dout_16>
   Output signal of FDE instance <REG_generate[20].REGI/Dout_16>
   Output signal of FDE instance <REG_generate[19].REGI/Dout_16>
   Output signal of FDE instance <REG_generate[18].REGI/Dout_16>
   Output signal of FDE instance <REG_generate[17].REGI/Dout_16>
   Output signal of FDE instance <REG_generate[16].REGI/Dout_16>
   Output signal of FDE instance <REG_generate[15].REGI/Dout_16>
   Output signal of FDE instance <REG_generate[14].REGI/Dout_16>
   Output signal of FDE instance <REG_generate[13].REGI/Dout_16>
   Output signal of FDE instance <REG_generate[12].REGI/Dout_16>
   Output signal of FDE instance <REG_generate[11].REGI/Dout_16>
   Output signal of FDE instance <REG_generate[10].REGI/Dout_16>
   Output signal of FDE instance <REG_generate[9].REGI/Dout_16>
   Output signal of FDE instance <REG_generate[8].REGI/Dout_16>
   Output signal of FDE instance <REG_generate[7].REGI/Dout_16>
   Output signal of FDE instance <REG_generate[6].REGI/Dout_16>
   Output signal of FDE instance <REG_generate[5].REGI/Dout_16>
   Output signal of FDE instance <REG_generate[4].REGI/Dout_16>
   Output signal of FDE instance <REG_generate[3].REGI/Dout_16>
   Output signal of FDE instance <REG_generate[2].REGI/Dout_16>
   Output signal of FDE instance <REG_generate[1].REGI/Dout_16>

ERROR:Xst:528 - Multi-source in Unit <Register_File_RF> on signal <outR1<15>>; this signal is connected to multiple drivers.
Drivers are: 
   Output signal of FDE instance <REG_generate[31].REGI/Dout_15>
   Output signal of FDE instance <REG_generate[30].REGI/Dout_15>
   Output signal of FDE instance <REG_generate[29].REGI/Dout_15>
   Output signal of FDE instance <REG_generate[28].REGI/Dout_15>
   Output signal of FDE instance <REG_generate[27].REGI/Dout_15>
   Output signal of FDE instance <REG_generate[26].REGI/Dout_15>
   Output signal of FDE instance <REG_generate[25].REGI/Dout_15>
   Output signal of FDE instance <REG_generate[24].REGI/Dout_15>
   Output signal of FDE instance <REG_generate[23].REGI/Dout_15>
   Output signal of FDE instance <REG_generate[22].REGI/Dout_15>
   Output signal of FDE instance <REG_generate[21].REGI/Dout_15>
   Output signal of FDE instance <REG_generate[20].REGI/Dout_15>
   Output signal of FDE instance <REG_generate[19].REGI/Dout_15>
   Output signal of FDE instance <REG_generate[18].REGI/Dout_15>
   Output signal of FDE instance <REG_generate[17].REGI/Dout_15>
   Output signal of FDE instance <REG_generate[16].REGI/Dout_15>
   Output signal of FDE instance <REG_generate[15].REGI/Dout_15>
   Output signal of FDE instance <REG_generate[14].REGI/Dout_15>
   Output signal of FDE instance <REG_generate[13].REGI/Dout_15>
   Output signal of FDE instance <REG_generate[12].REGI/Dout_15>
   Output signal of FDE instance <REG_generate[11].REGI/Dout_15>
   Output signal of FDE instance <REG_generate[10].REGI/Dout_15>
   Output signal of FDE instance <REG_generate[9].REGI/Dout_15>
   Output signal of FDE instance <REG_generate[8].REGI/Dout_15>
   Output signal of FDE instance <REG_generate[7].REGI/Dout_15>
   Output signal of FDE instance <REG_generate[6].REGI/Dout_15>
   Output signal of FDE instance <REG_generate[5].REGI/Dout_15>
   Output signal of FDE instance <REG_generate[4].REGI/Dout_15>
   Output signal of FDE instance <REG_generate[3].REGI/Dout_15>
   Output signal of FDE instance <REG_generate[2].REGI/Dout_15>
   Output signal of FDE instance <REG_generate[1].REGI/Dout_15>

ERROR:Xst:528 - Multi-source in Unit <Register_File_RF> on signal <outR1<14>>; this signal is connected to multiple drivers.
Drivers are: 
   Output signal of FDE instance <REG_generate[31].REGI/Dout_14>
   Output signal of FDE instance <REG_generate[30].REGI/Dout_14>
   Output signal of FDE instance <REG_generate[29].REGI/Dout_14>
   Output signal of FDE instance <REG_generate[28].REGI/Dout_14>
   Output signal of FDE instance <REG_generate[27].REGI/Dout_14>
   Output signal of FDE instance <REG_generate[26].REGI/Dout_14>
   Output signal of FDE instance <REG_generate[25].REGI/Dout_14>
   Output signal of FDE instance <REG_generate[24].REGI/Dout_14>
   Output signal of FDE instance <REG_generate[23].REGI/Dout_14>
   Output signal of FDE instance <REG_generate[22].REGI/Dout_14>
   Output signal of FDE instance <REG_generate[21].REGI/Dout_14>
   Output signal of FDE instance <REG_generate[20].REGI/Dout_14>
   Output signal of FDE instance <REG_generate[19].REGI/Dout_14>
   Output signal of FDE instance <REG_generate[18].REGI/Dout_14>
   Output signal of FDE instance <REG_generate[17].REGI/Dout_14>
   Output signal of FDE instance <REG_generate[16].REGI/Dout_14>
   Output signal of FDE instance <REG_generate[15].REGI/Dout_14>
   Output signal of FDE instance <REG_generate[14].REGI/Dout_14>
   Output signal of FDE instance <REG_generate[13].REGI/Dout_14>
   Output signal of FDE instance <REG_generate[12].REGI/Dout_14>
   Output signal of FDE instance <REG_generate[11].REGI/Dout_14>
   Output signal of FDE instance <REG_generate[10].REGI/Dout_14>
   Output signal of FDE instance <REG_generate[9].REGI/Dout_14>
   Output signal of FDE instance <REG_generate[8].REGI/Dout_14>
   Output signal of FDE instance <REG_generate[7].REGI/Dout_14>
   Output signal of FDE instance <REG_generate[6].REGI/Dout_14>
   Output signal of FDE instance <REG_generate[5].REGI/Dout_14>
   Output signal of FDE instance <REG_generate[4].REGI/Dout_14>
   Output signal of FDE instance <REG_generate[3].REGI/Dout_14>
   Output signal of FDE instance <REG_generate[2].REGI/Dout_14>
   Output signal of FDE instance <REG_generate[1].REGI/Dout_14>

ERROR:Xst:528 - Multi-source in Unit <Register_File_RF> on signal <outR1<13>>; this signal is connected to multiple drivers.
Drivers are: 
   Output signal of FDE instance <REG_generate[31].REGI/Dout_13>
   Output signal of FDE instance <REG_generate[30].REGI/Dout_13>
   Output signal of FDE instance <REG_generate[29].REGI/Dout_13>
   Output signal of FDE instance <REG_generate[28].REGI/Dout_13>
   Output signal of FDE instance <REG_generate[27].REGI/Dout_13>
   Output signal of FDE instance <REG_generate[26].REGI/Dout_13>
   Output signal of FDE instance <REG_generate[25].REGI/Dout_13>
   Output signal of FDE instance <REG_generate[24].REGI/Dout_13>
   Output signal of FDE instance <REG_generate[23].REGI/Dout_13>
   Output signal of FDE instance <REG_generate[22].REGI/Dout_13>
   Output signal of FDE instance <REG_generate[21].REGI/Dout_13>
   Output signal of FDE instance <REG_generate[20].REGI/Dout_13>
   Output signal of FDE instance <REG_generate[19].REGI/Dout_13>
   Output signal of FDE instance <REG_generate[18].REGI/Dout_13>
   Output signal of FDE instance <REG_generate[17].REGI/Dout_13>
   Output signal of FDE instance <REG_generate[16].REGI/Dout_13>
   Output signal of FDE instance <REG_generate[15].REGI/Dout_13>
   Output signal of FDE instance <REG_generate[14].REGI/Dout_13>
   Output signal of FDE instance <REG_generate[13].REGI/Dout_13>
   Output signal of FDE instance <REG_generate[12].REGI/Dout_13>
   Output signal of FDE instance <REG_generate[11].REGI/Dout_13>
   Output signal of FDE instance <REG_generate[10].REGI/Dout_13>
   Output signal of FDE instance <REG_generate[9].REGI/Dout_13>
   Output signal of FDE instance <REG_generate[8].REGI/Dout_13>
   Output signal of FDE instance <REG_generate[7].REGI/Dout_13>
   Output signal of FDE instance <REG_generate[6].REGI/Dout_13>
   Output signal of FDE instance <REG_generate[5].REGI/Dout_13>
   Output signal of FDE instance <REG_generate[4].REGI/Dout_13>
   Output signal of FDE instance <REG_generate[3].REGI/Dout_13>
   Output signal of FDE instance <REG_generate[2].REGI/Dout_13>
   Output signal of FDE instance <REG_generate[1].REGI/Dout_13>

ERROR:Xst:528 - Multi-source in Unit <Register_File_RF> on signal <outR1<12>>; this signal is connected to multiple drivers.
Drivers are: 
   Output signal of FDE instance <REG_generate[31].REGI/Dout_12>
   Output signal of FDE instance <REG_generate[30].REGI/Dout_12>
   Output signal of FDE instance <REG_generate[29].REGI/Dout_12>
   Output signal of FDE instance <REG_generate[28].REGI/Dout_12>
   Output signal of FDE instance <REG_generate[27].REGI/Dout_12>
   Output signal of FDE instance <REG_generate[26].REGI/Dout_12>
   Output signal of FDE instance <REG_generate[25].REGI/Dout_12>
   Output signal of FDE instance <REG_generate[24].REGI/Dout_12>
   Output signal of FDE instance <REG_generate[23].REGI/Dout_12>
   Output signal of FDE instance <REG_generate[22].REGI/Dout_12>
   Output signal of FDE instance <REG_generate[21].REGI/Dout_12>
   Output signal of FDE instance <REG_generate[20].REGI/Dout_12>
   Output signal of FDE instance <REG_generate[19].REGI/Dout_12>
   Output signal of FDE instance <REG_generate[18].REGI/Dout_12>
   Output signal of FDE instance <REG_generate[17].REGI/Dout_12>
   Output signal of FDE instance <REG_generate[16].REGI/Dout_12>
   Output signal of FDE instance <REG_generate[15].REGI/Dout_12>
   Output signal of FDE instance <REG_generate[14].REGI/Dout_12>
   Output signal of FDE instance <REG_generate[13].REGI/Dout_12>
   Output signal of FDE instance <REG_generate[12].REGI/Dout_12>
   Output signal of FDE instance <REG_generate[11].REGI/Dout_12>
   Output signal of FDE instance <REG_generate[10].REGI/Dout_12>
   Output signal of FDE instance <REG_generate[9].REGI/Dout_12>
   Output signal of FDE instance <REG_generate[8].REGI/Dout_12>
   Output signal of FDE instance <REG_generate[7].REGI/Dout_12>
   Output signal of FDE instance <REG_generate[6].REGI/Dout_12>
   Output signal of FDE instance <REG_generate[5].REGI/Dout_12>
   Output signal of FDE instance <REG_generate[4].REGI/Dout_12>
   Output signal of FDE instance <REG_generate[3].REGI/Dout_12>
   Output signal of FDE instance <REG_generate[2].REGI/Dout_12>
   Output signal of FDE instance <REG_generate[1].REGI/Dout_12>

ERROR:Xst:528 - Multi-source in Unit <Register_File_RF> on signal <outR1<11>>; this signal is connected to multiple drivers.
Drivers are: 
   Output signal of FDE instance <REG_generate[31].REGI/Dout_11>
   Output signal of FDE instance <REG_generate[30].REGI/Dout_11>
   Output signal of FDE instance <REG_generate[29].REGI/Dout_11>
   Output signal of FDE instance <REG_generate[28].REGI/Dout_11>
   Output signal of FDE instance <REG_generate[27].REGI/Dout_11>
   Output signal of FDE instance <REG_generate[26].REGI/Dout_11>
   Output signal of FDE instance <REG_generate[25].REGI/Dout_11>
   Output signal of FDE instance <REG_generate[24].REGI/Dout_11>
   Output signal of FDE instance <REG_generate[23].REGI/Dout_11>
   Output signal of FDE instance <REG_generate[22].REGI/Dout_11>
   Output signal of FDE instance <REG_generate[21].REGI/Dout_11>
   Output signal of FDE instance <REG_generate[20].REGI/Dout_11>
   Output signal of FDE instance <REG_generate[19].REGI/Dout_11>
   Output signal of FDE instance <REG_generate[18].REGI/Dout_11>
   Output signal of FDE instance <REG_generate[17].REGI/Dout_11>
   Output signal of FDE instance <REG_generate[16].REGI/Dout_11>
   Output signal of FDE instance <REG_generate[15].REGI/Dout_11>
   Output signal of FDE instance <REG_generate[14].REGI/Dout_11>
   Output signal of FDE instance <REG_generate[13].REGI/Dout_11>
   Output signal of FDE instance <REG_generate[12].REGI/Dout_11>
   Output signal of FDE instance <REG_generate[11].REGI/Dout_11>
   Output signal of FDE instance <REG_generate[10].REGI/Dout_11>
   Output signal of FDE instance <REG_generate[9].REGI/Dout_11>
   Output signal of FDE instance <REG_generate[8].REGI/Dout_11>
   Output signal of FDE instance <REG_generate[7].REGI/Dout_11>
   Output signal of FDE instance <REG_generate[6].REGI/Dout_11>
   Output signal of FDE instance <REG_generate[5].REGI/Dout_11>
   Output signal of FDE instance <REG_generate[4].REGI/Dout_11>
   Output signal of FDE instance <REG_generate[3].REGI/Dout_11>
   Output signal of FDE instance <REG_generate[2].REGI/Dout_11>
   Output signal of FDE instance <REG_generate[1].REGI/Dout_11>

ERROR:Xst:528 - Multi-source in Unit <Register_File_RF> on signal <outR1<10>>; this signal is connected to multiple drivers.
Drivers are: 
   Output signal of FDE instance <REG_generate[31].REGI/Dout_10>
   Output signal of FDE instance <REG_generate[30].REGI/Dout_10>
   Output signal of FDE instance <REG_generate[29].REGI/Dout_10>
   Output signal of FDE instance <REG_generate[28].REGI/Dout_10>
   Output signal of FDE instance <REG_generate[27].REGI/Dout_10>
   Output signal of FDE instance <REG_generate[26].REGI/Dout_10>
   Output signal of FDE instance <REG_generate[25].REGI/Dout_10>
   Output signal of FDE instance <REG_generate[24].REGI/Dout_10>
   Output signal of FDE instance <REG_generate[23].REGI/Dout_10>
   Output signal of FDE instance <REG_generate[22].REGI/Dout_10>
   Output signal of FDE instance <REG_generate[21].REGI/Dout_10>
   Output signal of FDE instance <REG_generate[20].REGI/Dout_10>
   Output signal of FDE instance <REG_generate[19].REGI/Dout_10>
   Output signal of FDE instance <REG_generate[18].REGI/Dout_10>
   Output signal of FDE instance <REG_generate[17].REGI/Dout_10>
   Output signal of FDE instance <REG_generate[16].REGI/Dout_10>
   Output signal of FDE instance <REG_generate[15].REGI/Dout_10>
   Output signal of FDE instance <REG_generate[14].REGI/Dout_10>
   Output signal of FDE instance <REG_generate[13].REGI/Dout_10>
   Output signal of FDE instance <REG_generate[12].REGI/Dout_10>
   Output signal of FDE instance <REG_generate[11].REGI/Dout_10>
   Output signal of FDE instance <REG_generate[10].REGI/Dout_10>
   Output signal of FDE instance <REG_generate[9].REGI/Dout_10>
   Output signal of FDE instance <REG_generate[8].REGI/Dout_10>
   Output signal of FDE instance <REG_generate[7].REGI/Dout_10>
   Output signal of FDE instance <REG_generate[6].REGI/Dout_10>
   Output signal of FDE instance <REG_generate[5].REGI/Dout_10>
   Output signal of FDE instance <REG_generate[4].REGI/Dout_10>
   Output signal of FDE instance <REG_generate[3].REGI/Dout_10>
   Output signal of FDE instance <REG_generate[2].REGI/Dout_10>
   Output signal of FDE instance <REG_generate[1].REGI/Dout_10>

ERROR:Xst:528 - Multi-source in Unit <Register_File_RF> on signal <outR1<9>>; this signal is connected to multiple drivers.
Drivers are: 
   Output signal of FDE instance <REG_generate[31].REGI/Dout_9>
   Output signal of FDE instance <REG_generate[30].REGI/Dout_9>
   Output signal of FDE instance <REG_generate[29].REGI/Dout_9>
   Output signal of FDE instance <REG_generate[28].REGI/Dout_9>
   Output signal of FDE instance <REG_generate[27].REGI/Dout_9>
   Output signal of FDE instance <REG_generate[26].REGI/Dout_9>
   Output signal of FDE instance <REG_generate[25].REGI/Dout_9>
   Output signal of FDE instance <REG_generate[24].REGI/Dout_9>
   Output signal of FDE instance <REG_generate[23].REGI/Dout_9>
   Output signal of FDE instance <REG_generate[22].REGI/Dout_9>
   Output signal of FDE instance <REG_generate[21].REGI/Dout_9>
   Output signal of FDE instance <REG_generate[20].REGI/Dout_9>
   Output signal of FDE instance <REG_generate[19].REGI/Dout_9>
   Output signal of FDE instance <REG_generate[18].REGI/Dout_9>
   Output signal of FDE instance <REG_generate[17].REGI/Dout_9>
   Output signal of FDE instance <REG_generate[16].REGI/Dout_9>
   Output signal of FDE instance <REG_generate[15].REGI/Dout_9>
   Output signal of FDE instance <REG_generate[14].REGI/Dout_9>
   Output signal of FDE instance <REG_generate[13].REGI/Dout_9>
   Output signal of FDE instance <REG_generate[12].REGI/Dout_9>
   Output signal of FDE instance <REG_generate[11].REGI/Dout_9>
   Output signal of FDE instance <REG_generate[10].REGI/Dout_9>
   Output signal of FDE instance <REG_generate[9].REGI/Dout_9>
   Output signal of FDE instance <REG_generate[8].REGI/Dout_9>
   Output signal of FDE instance <REG_generate[7].REGI/Dout_9>
   Output signal of FDE instance <REG_generate[6].REGI/Dout_9>
   Output signal of FDE instance <REG_generate[5].REGI/Dout_9>
   Output signal of FDE instance <REG_generate[4].REGI/Dout_9>
   Output signal of FDE instance <REG_generate[3].REGI/Dout_9>
   Output signal of FDE instance <REG_generate[2].REGI/Dout_9>
   Output signal of FDE instance <REG_generate[1].REGI/Dout_9>

ERROR:Xst:528 - Multi-source in Unit <Register_File_RF> on signal <outR1<8>>; this signal is connected to multiple drivers.
Drivers are: 
   Output signal of FDE instance <REG_generate[31].REGI/Dout_8>
   Output signal of FDE instance <REG_generate[30].REGI/Dout_8>
   Output signal of FDE instance <REG_generate[29].REGI/Dout_8>
   Output signal of FDE instance <REG_generate[28].REGI/Dout_8>
   Output signal of FDE instance <REG_generate[27].REGI/Dout_8>
   Output signal of FDE instance <REG_generate[26].REGI/Dout_8>
   Output signal of FDE instance <REG_generate[25].REGI/Dout_8>
   Output signal of FDE instance <REG_generate[24].REGI/Dout_8>
   Output signal of FDE instance <REG_generate[23].REGI/Dout_8>
   Output signal of FDE instance <REG_generate[22].REGI/Dout_8>
   Output signal of FDE instance <REG_generate[21].REGI/Dout_8>
   Output signal of FDE instance <REG_generate[20].REGI/Dout_8>
   Output signal of FDE instance <REG_generate[19].REGI/Dout_8>
   Output signal of FDE instance <REG_generate[18].REGI/Dout_8>
   Output signal of FDE instance <REG_generate[17].REGI/Dout_8>
   Output signal of FDE instance <REG_generate[16].REGI/Dout_8>
   Output signal of FDE instance <REG_generate[15].REGI/Dout_8>
   Output signal of FDE instance <REG_generate[14].REGI/Dout_8>
   Output signal of FDE instance <REG_generate[13].REGI/Dout_8>
   Output signal of FDE instance <REG_generate[12].REGI/Dout_8>
   Output signal of FDE instance <REG_generate[11].REGI/Dout_8>
   Output signal of FDE instance <REG_generate[10].REGI/Dout_8>
   Output signal of FDE instance <REG_generate[9].REGI/Dout_8>
   Output signal of FDE instance <REG_generate[8].REGI/Dout_8>
   Output signal of FDE instance <REG_generate[7].REGI/Dout_8>
   Output signal of FDE instance <REG_generate[6].REGI/Dout_8>
   Output signal of FDE instance <REG_generate[5].REGI/Dout_8>
   Output signal of FDE instance <REG_generate[4].REGI/Dout_8>
   Output signal of FDE instance <REG_generate[3].REGI/Dout_8>
   Output signal of FDE instance <REG_generate[2].REGI/Dout_8>
   Output signal of FDE instance <REG_generate[1].REGI/Dout_8>

ERROR:Xst:528 - Multi-source in Unit <Register_File_RF> on signal <outR1<7>>; this signal is connected to multiple drivers.
Drivers are: 
   Output signal of FDE instance <REG_generate[31].REGI/Dout_7>
   Output signal of FDE instance <REG_generate[30].REGI/Dout_7>
   Output signal of FDE instance <REG_generate[29].REGI/Dout_7>
   Output signal of FDE instance <REG_generate[28].REGI/Dout_7>
   Output signal of FDE instance <REG_generate[27].REGI/Dout_7>
   Output signal of FDE instance <REG_generate[26].REGI/Dout_7>
   Output signal of FDE instance <REG_generate[25].REGI/Dout_7>
   Output signal of FDE instance <REG_generate[24].REGI/Dout_7>
   Output signal of FDE instance <REG_generate[23].REGI/Dout_7>
   Output signal of FDE instance <REG_generate[22].REGI/Dout_7>
   Output signal of FDE instance <REG_generate[21].REGI/Dout_7>
   Output signal of FDE instance <REG_generate[20].REGI/Dout_7>
   Output signal of FDE instance <REG_generate[19].REGI/Dout_7>
   Output signal of FDE instance <REG_generate[18].REGI/Dout_7>
   Output signal of FDE instance <REG_generate[17].REGI/Dout_7>
   Output signal of FDE instance <REG_generate[16].REGI/Dout_7>
   Output signal of FDE instance <REG_generate[15].REGI/Dout_7>
   Output signal of FDE instance <REG_generate[14].REGI/Dout_7>
   Output signal of FDE instance <REG_generate[13].REGI/Dout_7>
   Output signal of FDE instance <REG_generate[12].REGI/Dout_7>
   Output signal of FDE instance <REG_generate[11].REGI/Dout_7>
   Output signal of FDE instance <REG_generate[10].REGI/Dout_7>
   Output signal of FDE instance <REG_generate[9].REGI/Dout_7>
   Output signal of FDE instance <REG_generate[8].REGI/Dout_7>
   Output signal of FDE instance <REG_generate[7].REGI/Dout_7>
   Output signal of FDE instance <REG_generate[6].REGI/Dout_7>
   Output signal of FDE instance <REG_generate[5].REGI/Dout_7>
   Output signal of FDE instance <REG_generate[4].REGI/Dout_7>
   Output signal of FDE instance <REG_generate[3].REGI/Dout_7>
   Output signal of FDE instance <REG_generate[2].REGI/Dout_7>
   Output signal of FDE instance <REG_generate[1].REGI/Dout_7>

ERROR:Xst:528 - Multi-source in Unit <Register_File_RF> on signal <outR1<6>>; this signal is connected to multiple drivers.
Drivers are: 
   Output signal of FDE instance <REG_generate[31].REGI/Dout_6>
   Output signal of FDE instance <REG_generate[30].REGI/Dout_6>
   Output signal of FDE instance <REG_generate[29].REGI/Dout_6>
   Output signal of FDE instance <REG_generate[28].REGI/Dout_6>
   Output signal of FDE instance <REG_generate[27].REGI/Dout_6>
   Output signal of FDE instance <REG_generate[26].REGI/Dout_6>
   Output signal of FDE instance <REG_generate[25].REGI/Dout_6>
   Output signal of FDE instance <REG_generate[24].REGI/Dout_6>
   Output signal of FDE instance <REG_generate[23].REGI/Dout_6>
   Output signal of FDE instance <REG_generate[22].REGI/Dout_6>
   Output signal of FDE instance <REG_generate[21].REGI/Dout_6>
   Output signal of FDE instance <REG_generate[20].REGI/Dout_6>
   Output signal of FDE instance <REG_generate[19].REGI/Dout_6>
   Output signal of FDE instance <REG_generate[18].REGI/Dout_6>
   Output signal of FDE instance <REG_generate[17].REGI/Dout_6>
   Output signal of FDE instance <REG_generate[16].REGI/Dout_6>
   Output signal of FDE instance <REG_generate[15].REGI/Dout_6>
   Output signal of FDE instance <REG_generate[14].REGI/Dout_6>
   Output signal of FDE instance <REG_generate[13].REGI/Dout_6>
   Output signal of FDE instance <REG_generate[12].REGI/Dout_6>
   Output signal of FDE instance <REG_generate[11].REGI/Dout_6>
   Output signal of FDE instance <REG_generate[10].REGI/Dout_6>
   Output signal of FDE instance <REG_generate[9].REGI/Dout_6>
   Output signal of FDE instance <REG_generate[8].REGI/Dout_6>
   Output signal of FDE instance <REG_generate[7].REGI/Dout_6>
   Output signal of FDE instance <REG_generate[6].REGI/Dout_6>
   Output signal of FDE instance <REG_generate[5].REGI/Dout_6>
   Output signal of FDE instance <REG_generate[4].REGI/Dout_6>
   Output signal of FDE instance <REG_generate[3].REGI/Dout_6>
   Output signal of FDE instance <REG_generate[2].REGI/Dout_6>
   Output signal of FDE instance <REG_generate[1].REGI/Dout_6>

ERROR:Xst:528 - Multi-source in Unit <Register_File_RF> on signal <outR1<5>>; this signal is connected to multiple drivers.
Drivers are: 
   Output signal of FDE instance <REG_generate[31].REGI/Dout_5>
   Output signal of FDE instance <REG_generate[30].REGI/Dout_5>
   Output signal of FDE instance <REG_generate[29].REGI/Dout_5>
   Output signal of FDE instance <REG_generate[28].REGI/Dout_5>
   Output signal of FDE instance <REG_generate[27].REGI/Dout_5>
   Output signal of FDE instance <REG_generate[26].REGI/Dout_5>
   Output signal of FDE instance <REG_generate[25].REGI/Dout_5>
   Output signal of FDE instance <REG_generate[24].REGI/Dout_5>
   Output signal of FDE instance <REG_generate[23].REGI/Dout_5>
   Output signal of FDE instance <REG_generate[22].REGI/Dout_5>
   Output signal of FDE instance <REG_generate[21].REGI/Dout_5>
   Output signal of FDE instance <REG_generate[20].REGI/Dout_5>
   Output signal of FDE instance <REG_generate[19].REGI/Dout_5>
   Output signal of FDE instance <REG_generate[18].REGI/Dout_5>
   Output signal of FDE instance <REG_generate[17].REGI/Dout_5>
   Output signal of FDE instance <REG_generate[16].REGI/Dout_5>
   Output signal of FDE instance <REG_generate[15].REGI/Dout_5>
   Output signal of FDE instance <REG_generate[14].REGI/Dout_5>
   Output signal of FDE instance <REG_generate[13].REGI/Dout_5>
   Output signal of FDE instance <REG_generate[12].REGI/Dout_5>
   Output signal of FDE instance <REG_generate[11].REGI/Dout_5>
   Output signal of FDE instance <REG_generate[10].REGI/Dout_5>
   Output signal of FDE instance <REG_generate[9].REGI/Dout_5>
   Output signal of FDE instance <REG_generate[8].REGI/Dout_5>
   Output signal of FDE instance <REG_generate[7].REGI/Dout_5>
   Output signal of FDE instance <REG_generate[6].REGI/Dout_5>
   Output signal of FDE instance <REG_generate[5].REGI/Dout_5>
   Output signal of FDE instance <REG_generate[4].REGI/Dout_5>
   Output signal of FDE instance <REG_generate[3].REGI/Dout_5>
   Output signal of FDE instance <REG_generate[2].REGI/Dout_5>
   Output signal of FDE instance <REG_generate[1].REGI/Dout_5>

ERROR:Xst:528 - Multi-source in Unit <Register_File_RF> on signal <outR1<4>>; this signal is connected to multiple drivers.
Drivers are: 
   Output signal of FDE instance <REG_generate[31].REGI/Dout_4>
   Output signal of FDE instance <REG_generate[30].REGI/Dout_4>
   Output signal of FDE instance <REG_generate[29].REGI/Dout_4>
   Output signal of FDE instance <REG_generate[28].REGI/Dout_4>
   Output signal of FDE instance <REG_generate[27].REGI/Dout_4>
   Output signal of FDE instance <REG_generate[26].REGI/Dout_4>
   Output signal of FDE instance <REG_generate[25].REGI/Dout_4>
   Output signal of FDE instance <REG_generate[24].REGI/Dout_4>
   Output signal of FDE instance <REG_generate[23].REGI/Dout_4>
   Output signal of FDE instance <REG_generate[22].REGI/Dout_4>
   Output signal of FDE instance <REG_generate[21].REGI/Dout_4>
   Output signal of FDE instance <REG_generate[20].REGI/Dout_4>
   Output signal of FDE instance <REG_generate[19].REGI/Dout_4>
   Output signal of FDE instance <REG_generate[18].REGI/Dout_4>
   Output signal of FDE instance <REG_generate[17].REGI/Dout_4>
   Output signal of FDE instance <REG_generate[16].REGI/Dout_4>
   Output signal of FDE instance <REG_generate[15].REGI/Dout_4>
   Output signal of FDE instance <REG_generate[14].REGI/Dout_4>
   Output signal of FDE instance <REG_generate[13].REGI/Dout_4>
   Output signal of FDE instance <REG_generate[12].REGI/Dout_4>
   Output signal of FDE instance <REG_generate[11].REGI/Dout_4>
   Output signal of FDE instance <REG_generate[10].REGI/Dout_4>
   Output signal of FDE instance <REG_generate[9].REGI/Dout_4>
   Output signal of FDE instance <REG_generate[8].REGI/Dout_4>
   Output signal of FDE instance <REG_generate[7].REGI/Dout_4>
   Output signal of FDE instance <REG_generate[6].REGI/Dout_4>
   Output signal of FDE instance <REG_generate[5].REGI/Dout_4>
   Output signal of FDE instance <REG_generate[4].REGI/Dout_4>
   Output signal of FDE instance <REG_generate[3].REGI/Dout_4>
   Output signal of FDE instance <REG_generate[2].REGI/Dout_4>
   Output signal of FDE instance <REG_generate[1].REGI/Dout_4>

ERROR:Xst:528 - Multi-source in Unit <Register_File_RF> on signal <outR1<3>>; this signal is connected to multiple drivers.
Drivers are: 
   Output signal of FDE instance <REG_generate[31].REGI/Dout_3>
   Output signal of FDE instance <REG_generate[30].REGI/Dout_3>
   Output signal of FDE instance <REG_generate[29].REGI/Dout_3>
   Output signal of FDE instance <REG_generate[28].REGI/Dout_3>
   Output signal of FDE instance <REG_generate[27].REGI/Dout_3>
   Output signal of FDE instance <REG_generate[26].REGI/Dout_3>
   Output signal of FDE instance <REG_generate[25].REGI/Dout_3>
   Output signal of FDE instance <REG_generate[24].REGI/Dout_3>
   Output signal of FDE instance <REG_generate[23].REGI/Dout_3>
   Output signal of FDE instance <REG_generate[22].REGI/Dout_3>
   Output signal of FDE instance <REG_generate[21].REGI/Dout_3>
   Output signal of FDE instance <REG_generate[20].REGI/Dout_3>
   Output signal of FDE instance <REG_generate[19].REGI/Dout_3>
   Output signal of FDE instance <REG_generate[18].REGI/Dout_3>
   Output signal of FDE instance <REG_generate[17].REGI/Dout_3>
   Output signal of FDE instance <REG_generate[16].REGI/Dout_3>
   Output signal of FDE instance <REG_generate[15].REGI/Dout_3>
   Output signal of FDE instance <REG_generate[14].REGI/Dout_3>
   Output signal of FDE instance <REG_generate[13].REGI/Dout_3>
   Output signal of FDE instance <REG_generate[12].REGI/Dout_3>
   Output signal of FDE instance <REG_generate[11].REGI/Dout_3>
   Output signal of FDE instance <REG_generate[10].REGI/Dout_3>
   Output signal of FDE instance <REG_generate[9].REGI/Dout_3>
   Output signal of FDE instance <REG_generate[8].REGI/Dout_3>
   Output signal of FDE instance <REG_generate[7].REGI/Dout_3>
   Output signal of FDE instance <REG_generate[6].REGI/Dout_3>
   Output signal of FDE instance <REG_generate[5].REGI/Dout_3>
   Output signal of FDE instance <REG_generate[4].REGI/Dout_3>
   Output signal of FDE instance <REG_generate[3].REGI/Dout_3>
   Output signal of FDE instance <REG_generate[2].REGI/Dout_3>
   Output signal of FDE instance <REG_generate[1].REGI/Dout_3>

ERROR:Xst:528 - Multi-source in Unit <Register_File_RF> on signal <outR1<2>>; this signal is connected to multiple drivers.
Drivers are: 
   Output signal of FDE instance <REG_generate[31].REGI/Dout_2>
   Output signal of FDE instance <REG_generate[30].REGI/Dout_2>
   Output signal of FDE instance <REG_generate[29].REGI/Dout_2>
   Output signal of FDE instance <REG_generate[28].REGI/Dout_2>
   Output signal of FDE instance <REG_generate[27].REGI/Dout_2>
   Output signal of FDE instance <REG_generate[26].REGI/Dout_2>
   Output signal of FDE instance <REG_generate[25].REGI/Dout_2>
   Output signal of FDE instance <REG_generate[24].REGI/Dout_2>
   Output signal of FDE instance <REG_generate[23].REGI/Dout_2>
   Output signal of FDE instance <REG_generate[22].REGI/Dout_2>
   Output signal of FDE instance <REG_generate[21].REGI/Dout_2>
   Output signal of FDE instance <REG_generate[20].REGI/Dout_2>
   Output signal of FDE instance <REG_generate[19].REGI/Dout_2>
   Output signal of FDE instance <REG_generate[18].REGI/Dout_2>
   Output signal of FDE instance <REG_generate[17].REGI/Dout_2>
   Output signal of FDE instance <REG_generate[16].REGI/Dout_2>
   Output signal of FDE instance <REG_generate[15].REGI/Dout_2>
   Output signal of FDE instance <REG_generate[14].REGI/Dout_2>
   Output signal of FDE instance <REG_generate[13].REGI/Dout_2>
   Output signal of FDE instance <REG_generate[12].REGI/Dout_2>
   Output signal of FDE instance <REG_generate[11].REGI/Dout_2>
   Output signal of FDE instance <REG_generate[10].REGI/Dout_2>
   Output signal of FDE instance <REG_generate[9].REGI/Dout_2>
   Output signal of FDE instance <REG_generate[8].REGI/Dout_2>
   Output signal of FDE instance <REG_generate[7].REGI/Dout_2>
   Output signal of FDE instance <REG_generate[6].REGI/Dout_2>
   Output signal of FDE instance <REG_generate[5].REGI/Dout_2>
   Output signal of FDE instance <REG_generate[4].REGI/Dout_2>
   Output signal of FDE instance <REG_generate[3].REGI/Dout_2>
   Output signal of FDE instance <REG_generate[2].REGI/Dout_2>
   Output signal of FDE instance <REG_generate[1].REGI/Dout_2>

ERROR:Xst:528 - Multi-source in Unit <Register_File_RF> on signal <outR1<1>>; this signal is connected to multiple drivers.
Drivers are: 
   Output signal of FDE instance <REG_generate[31].REGI/Dout_1>
   Output signal of FDE instance <REG_generate[30].REGI/Dout_1>
   Output signal of FDE instance <REG_generate[29].REGI/Dout_1>
   Output signal of FDE instance <REG_generate[28].REGI/Dout_1>
   Output signal of FDE instance <REG_generate[27].REGI/Dout_1>
   Output signal of FDE instance <REG_generate[26].REGI/Dout_1>
   Output signal of FDE instance <REG_generate[25].REGI/Dout_1>
   Output signal of FDE instance <REG_generate[24].REGI/Dout_1>
   Output signal of FDE instance <REG_generate[23].REGI/Dout_1>
   Output signal of FDE instance <REG_generate[22].REGI/Dout_1>
   Output signal of FDE instance <REG_generate[21].REGI/Dout_1>
   Output signal of FDE instance <REG_generate[20].REGI/Dout_1>
   Output signal of FDE instance <REG_generate[19].REGI/Dout_1>
   Output signal of FDE instance <REG_generate[18].REGI/Dout_1>
   Output signal of FDE instance <REG_generate[17].REGI/Dout_1>
   Output signal of FDE instance <REG_generate[16].REGI/Dout_1>
   Output signal of FDE instance <REG_generate[15].REGI/Dout_1>
   Output signal of FDE instance <REG_generate[14].REGI/Dout_1>
   Output signal of FDE instance <REG_generate[13].REGI/Dout_1>
   Output signal of FDE instance <REG_generate[12].REGI/Dout_1>
   Output signal of FDE instance <REG_generate[11].REGI/Dout_1>
   Output signal of FDE instance <REG_generate[10].REGI/Dout_1>
   Output signal of FDE instance <REG_generate[9].REGI/Dout_1>
   Output signal of FDE instance <REG_generate[8].REGI/Dout_1>
   Output signal of FDE instance <REG_generate[7].REGI/Dout_1>
   Output signal of FDE instance <REG_generate[6].REGI/Dout_1>
   Output signal of FDE instance <REG_generate[5].REGI/Dout_1>
   Output signal of FDE instance <REG_generate[4].REGI/Dout_1>
   Output signal of FDE instance <REG_generate[3].REGI/Dout_1>
   Output signal of FDE instance <REG_generate[2].REGI/Dout_1>
   Output signal of FDE instance <REG_generate[1].REGI/Dout_1>

ERROR:Xst:528 - Multi-source in Unit <Register_File_RF> on signal <outR1<0>>; this signal is connected to multiple drivers.
Drivers are: 
   Output signal of FDE instance <REG_generate[31].REGI/Dout_0>
   Output signal of FDE instance <REG_generate[30].REGI/Dout_0>
   Output signal of FDE instance <REG_generate[29].REGI/Dout_0>
   Output signal of FDE instance <REG_generate[28].REGI/Dout_0>
   Output signal of FDE instance <REG_generate[27].REGI/Dout_0>
   Output signal of FDE instance <REG_generate[26].REGI/Dout_0>
   Output signal of FDE instance <REG_generate[25].REGI/Dout_0>
   Output signal of FDE instance <REG_generate[24].REGI/Dout_0>
   Output signal of FDE instance <REG_generate[23].REGI/Dout_0>
   Output signal of FDE instance <REG_generate[22].REGI/Dout_0>
   Output signal of FDE instance <REG_generate[21].REGI/Dout_0>
   Output signal of FDE instance <REG_generate[20].REGI/Dout_0>
   Output signal of FDE instance <REG_generate[19].REGI/Dout_0>
   Output signal of FDE instance <REG_generate[18].REGI/Dout_0>
   Output signal of FDE instance <REG_generate[17].REGI/Dout_0>
   Output signal of FDE instance <REG_generate[16].REGI/Dout_0>
   Output signal of FDE instance <REG_generate[15].REGI/Dout_0>
   Output signal of FDE instance <REG_generate[14].REGI/Dout_0>
   Output signal of FDE instance <REG_generate[13].REGI/Dout_0>
   Output signal of FDE instance <REG_generate[12].REGI/Dout_0>
   Output signal of FDE instance <REG_generate[11].REGI/Dout_0>
   Output signal of FDE instance <REG_generate[10].REGI/Dout_0>
   Output signal of FDE instance <REG_generate[9].REGI/Dout_0>
   Output signal of FDE instance <REG_generate[8].REGI/Dout_0>
   Output signal of FDE instance <REG_generate[7].REGI/Dout_0>
   Output signal of FDE instance <REG_generate[6].REGI/Dout_0>
   Output signal of FDE instance <REG_generate[5].REGI/Dout_0>
   Output signal of FDE instance <REG_generate[4].REGI/Dout_0>
   Output signal of FDE instance <REG_generate[3].REGI/Dout_0>
   Output signal of FDE instance <REG_generate[2].REGI/Dout_0>
   Output signal of FDE instance <REG_generate[1].REGI/Dout_0>


Total REAL time to Xst completion: 18.00 secs
Total CPU time to Xst completion: 18.01 secs
 
--> 

Total memory usage is 282344 kilobytes

Number of errors   :   32 (   0 filtered)
Number of warnings :   33 (   0 filtered)
Number of infos    :    1 (   0 filtered)

